=== CPU Setup ===
Setting cpu: 0
Setting cpu: 1
Setting cpu: 2
Setting cpu: 3
Setting cpu: 4
Setting cpu: 5
Setting cpu: 6
Setting cpu: 7
Setting cpu: 8
Setting cpu: 9
Setting cpu: 10
Setting cpu: 11
Setting cpu: 12
Setting cpu: 13
Setting cpu: 14
Setting cpu: 15
Setting cpu: 16
Setting cpu: 17
Setting cpu: 18
Setting cpu: 19
Setting cpu: 20
Setting cpu: 21
Setting cpu: 22
Setting cpu: 23
Setting cpu: 24
Setting cpu: 25
Setting cpu: 26
Setting cpu: 27
Setting cpu: 28
Setting cpu: 29
Setting cpu: 30
Setting cpu: 31
  governor: performance
  Intel turbo: disabled

=== Experiment (Server: icelake_sm110) ===
Reps: 3, Threads: 8 16 32, Multipliers: 0 10 20 30 40 50 60 70 80 90 100 150 200 250 300 400 500 700 1000 2000 3000 5000 7000 10000 20000 50000, Work(ns): 0 100 200 500 1000 2000 5000
Total runs: 1638 (est. ~819 min)

--- w=0ns, rep=1/3 ---
  [1/1638] t=8 m=0 w=0 | elapsed=30s eta=49110s
  [2/1638] t=8 m=10 w=0 | elapsed=60s eta=49080s
  [3/1638] t=8 m=20 w=0 | elapsed=90s eta=49050s
  [4/1638] t=8 m=30 w=0 | elapsed=121s eta=49428s
  [5/1638] t=8 m=40 w=0 | elapsed=151s eta=49316s
  [6/1638] t=8 m=50 w=0 | elapsed=181s eta=49232s
  [7/1638] t=8 m=60 w=0 | elapsed=211s eta=49163s
  [8/1638] t=8 m=70 w=0 | elapsed=241s eta=49103s
  [9/1638] t=8 m=80 w=0 | elapsed=271s eta=49051s
  [10/1638] t=8 m=90 w=0 | elapsed=301s eta=49002s
  [11/1638] t=8 m=100 w=0 | elapsed=331s eta=48957s
  [12/1638] t=8 m=150 w=0 | elapsed=361s eta=48915s
  [13/1638] t=8 m=200 w=0 | elapsed=391s eta=48875s
  [14/1638] t=8 m=250 w=0 | elapsed=422s eta=48952s
  [15/1638] t=8 m=300 w=0 | elapsed=452s eta=48906s
  [16/1638] t=8 m=400 w=0 | elapsed=482s eta=48862s
  [17/1638] t=8 m=500 w=0 | elapsed=512s eta=48820s
  [18/1638] t=8 m=700 w=0 | elapsed=542s eta=48780s
  [19/1638] t=8 m=1000 w=0 | elapsed=572s eta=48740s
  [20/1638] t=8 m=2000 w=0 | elapsed=602s eta=48701s
  [21/1638] t=8 m=3000 w=0 | elapsed=632s eta=48664s
  [22/1638] t=8 m=5000 w=0 | elapsed=662s eta=48626s
  [23/1638] t=8 m=7000 w=0 | elapsed=693s eta=48660s
  [24/1638] t=8 m=10000 w=0 | elapsed=723s eta=48621s
  [25/1638] t=8 m=20000 w=0 | elapsed=753s eta=48583s
  [26/1638] t=8 m=50000 w=0 | elapsed=783s eta=48546s
  [27/1638] t=16 m=0 w=0 | elapsed=813s eta=48509s
  [28/1638] t=16 m=10 w=0 | elapsed=843s eta=48472s
  [29/1638] t=16 m=20 w=0 | elapsed=873s eta=48436s
  [30/1638] t=16 m=30 w=0 | elapsed=903s eta=48400s
  [31/1638] t=16 m=40 w=0 | elapsed=933s eta=48365s
  [32/1638] t=16 m=50 w=0 | elapsed=964s eta=48380s
  [33/1638] t=16 m=60 w=0 | elapsed=994s eta=48344s
  [34/1638] t=16 m=70 w=0 | elapsed=1024s eta=48308s
  [35/1638] t=16 m=80 w=0 | elapsed=1054s eta=48273s
  [36/1638] t=16 m=90 w=0 | elapsed=1084s eta=48238s
  [37/1638] t=16 m=100 w=0 | elapsed=1114s eta=48203s
  [38/1638] t=16 m=150 w=0 | elapsed=1144s eta=48168s
  [39/1638] t=16 m=200 w=0 | elapsed=1174s eta=48134s
  [40/1638] t=16 m=250 w=0 | elapsed=1204s eta=48099s
  [41/1638] t=16 m=300 w=0 | elapsed=1234s eta=48065s
  [42/1638] t=16 m=400 w=0 | elapsed=1265s eta=48070s
  [43/1638] t=16 m=500 w=0 | elapsed=1295s eta=48035s
  [44/1638] t=16 m=700 w=0 | elapsed=1325s eta=48001s
  [45/1638] t=16 m=1000 w=0 | elapsed=1355s eta=47967s
  [46/1638] t=16 m=2000 w=0 | elapsed=1385s eta=47933s
  [47/1638] t=16 m=3000 w=0 | elapsed=1415s eta=47899s
  [48/1638] t=16 m=5000 w=0 | elapsed=1445s eta=47865s
  [49/1638] t=16 m=7000 w=0 | elapsed=1475s eta=47832s
  [50/1638] t=16 m=10000 w=0 | elapsed=1505s eta=47798s
  [51/1638] t=16 m=20000 w=0 | elapsed=1536s eta=47796s
  [52/1638] t=16 m=50000 w=0 | elapsed=1566s eta=47763s
  [53/1638] t=32 m=0 w=0 | elapsed=1596s eta=47729s
  [54/1638] t=32 m=10 w=0 | elapsed=1626s eta=47696s
  [55/1638] t=32 m=20 w=0 | elapsed=1656s eta=47662s
  [56/1638] t=32 m=30 w=0 | elapsed=1686s eta=47629s
  [57/1638] t=32 m=40 w=0 | elapsed=1716s eta=47596s
  [58/1638] t=32 m=50 w=0 | elapsed=1746s eta=47563s
  [59/1638] t=32 m=60 w=0 | elapsed=1776s eta=47530s
  [60/1638] t=32 m=70 w=0 | elapsed=1807s eta=47524s
  [61/1638] t=32 m=80 w=0 | elapsed=1837s eta=47490s
  [62/1638] t=32 m=90 w=0 | elapsed=1867s eta=47457s
  [63/1638] t=32 m=100 w=0 | elapsed=1897s eta=47425s
  [64/1638] t=32 m=150 w=0 | elapsed=1927s eta=47392s
  [65/1638] t=32 m=200 w=0 | elapsed=1957s eta=47359s
  [66/1638] t=32 m=250 w=0 | elapsed=1987s eta=47326s
  [67/1638] t=32 m=300 w=0 | elapsed=2017s eta=47294s
  [68/1638] t=32 m=400 w=0 | elapsed=2047s eta=47261s
  [69/1638] t=32 m=500 w=0 | elapsed=2077s eta=47229s
  [70/1638] t=32 m=700 w=0 | elapsed=2108s eta=47219s
  [71/1638] t=32 m=1000 w=0 | elapsed=2138s eta=47186s
  [72/1638] t=32 m=2000 w=0 | elapsed=2168s eta=47154s
  [73/1638] t=32 m=3000 w=0 | elapsed=2198s eta=47121s
  [74/1638] t=32 m=5000 w=0 | elapsed=2228s eta=47089s
  [75/1638] t=32 m=7000 w=0 | elapsed=2258s eta=47056s
  [76/1638] t=32 m=10000 w=0 | elapsed=2288s eta=47024s
  [77/1638] t=32 m=20000 w=0 | elapsed=2318s eta=46992s
  [78/1638] t=32 m=50000 w=0 | elapsed=2349s eta=46980s
--- w=0ns, rep=2/3 ---
  [79/1638] t=8 m=0 w=0 | elapsed=2379s eta=46947s
  [80/1638] t=8 m=10 w=0 | elapsed=2409s eta=46915s
  [81/1638] t=8 m=20 w=0 | elapsed=2439s eta=46883s
  [82/1638] t=8 m=30 w=0 | elapsed=2469s eta=46850s
  [83/1638] t=8 m=40 w=0 | elapsed=2499s eta=46818s
  [84/1638] t=8 m=50 w=0 | elapsed=2529s eta=46786s
  [85/1638] t=8 m=60 w=0 | elapsed=2559s eta=46754s
  [86/1638] t=8 m=70 w=0 | elapsed=2589s eta=46722s
  [87/1638] t=8 m=80 w=0 | elapsed=2619s eta=46690s
  [88/1638] t=8 m=90 w=0 | elapsed=2650s eta=46676s
  [89/1638] t=8 m=100 w=0 | elapsed=2680s eta=46644s
  [90/1638] t=8 m=150 w=0 | elapsed=2710s eta=46612s
  [91/1638] t=8 m=200 w=0 | elapsed=2740s eta=46580s
  [92/1638] t=8 m=250 w=0 | elapsed=2770s eta=46548s
  [93/1638] t=8 m=300 w=0 | elapsed=2800s eta=46516s
  [94/1638] t=8 m=400 w=0 | elapsed=2830s eta=46484s
  [95/1638] t=8 m=500 w=0 | elapsed=2860s eta=46452s
  [96/1638] t=8 m=700 w=0 | elapsed=2890s eta=46420s
  [97/1638] t=8 m=1000 w=0 | elapsed=2921s eta=46404s
  [98/1638] t=8 m=2000 w=0 | elapsed=2951s eta=46372s
  [99/1638] t=8 m=3000 w=0 | elapsed=2981s eta=46341s
  [100/1638] t=8 m=5000 w=0 | elapsed=3011s eta=46309s
  [101/1638] t=8 m=7000 w=0 | elapsed=3041s eta=46277s
  [102/1638] t=8 m=10000 w=0 | elapsed=3071s eta=46245s
  [103/1638] t=8 m=20000 w=0 | elapsed=3101s eta=46213s
  [104/1638] t=8 m=50000 w=0 | elapsed=3131s eta=46182s
  [105/1638] t=16 m=0 w=0 | elapsed=3161s eta=46150s
  [106/1638] t=16 m=10 w=0 | elapsed=3191s eta=46118s
  [107/1638] t=16 m=20 w=0 | elapsed=3222s eta=46101s
  [108/1638] t=16 m=30 w=0 | elapsed=3252s eta=46070s
  [109/1638] t=16 m=40 w=0 | elapsed=3282s eta=46038s
  [110/1638] t=16 m=50 w=0 | elapsed=3312s eta=46006s
  [111/1638] t=16 m=60 w=0 | elapsed=3342s eta=45975s
  [112/1638] t=16 m=70 w=0 | elapsed=3372s eta=45943s
  [113/1638] t=16 m=80 w=0 | elapsed=3402s eta=45911s
  [114/1638] t=16 m=90 w=0 | elapsed=3432s eta=45880s
  [115/1638] t=16 m=100 w=0 | elapsed=3462s eta=45848s
  [116/1638] t=16 m=150 w=0 | elapsed=3493s eta=45830s
  [117/1638] t=16 m=200 w=0 | elapsed=3523s eta=45799s
  [118/1638] t=16 m=250 w=0 | elapsed=3553s eta=45767s
  [119/1638] t=16 m=300 w=0 | elapsed=3583s eta=45735s
  [120/1638] t=16 m=400 w=0 | elapsed=3613s eta=45704s
  [121/1638] t=16 m=500 w=0 | elapsed=3643s eta=45672s
  [122/1638] t=16 m=700 w=0 | elapsed=3673s eta=45641s
  [123/1638] t=16 m=1000 w=0 | elapsed=3703s eta=45610s
  [124/1638] t=16 m=2000 w=0 | elapsed=3733s eta=45578s
  [125/1638] t=16 m=3000 w=0 | elapsed=3763s eta=45547s
  [126/1638] t=16 m=5000 w=0 | elapsed=3794s eta=45528s
  [127/1638] t=16 m=7000 w=0 | elapsed=3824s eta=45496s
  [128/1638] t=16 m=10000 w=0 | elapsed=3854s eta=45465s
  [129/1638] t=16 m=20000 w=0 | elapsed=3884s eta=45433s
  [130/1638] t=16 m=50000 w=0 | elapsed=3914s eta=45402s
  [131/1638] t=32 m=0 w=0 | elapsed=3944s eta=45371s
  [132/1638] t=32 m=10 w=0 | elapsed=3974s eta=45339s
  [133/1638] t=32 m=20 w=0 | elapsed=4004s eta=45308s
  [134/1638] t=32 m=30 w=0 | elapsed=4034s eta=45277s
  [135/1638] t=32 m=40 w=0 | elapsed=4065s eta=45257s
  [136/1638] t=32 m=50 w=0 | elapsed=4095s eta=45225s
  [137/1638] t=32 m=60 w=0 | elapsed=4125s eta=45194s
  [138/1638] t=32 m=70 w=0 | elapsed=4155s eta=45163s
  [139/1638] t=32 m=80 w=0 | elapsed=4185s eta=45131s
  [140/1638] t=32 m=90 w=0 | elapsed=4215s eta=45100s
  [141/1638] t=32 m=100 w=0 | elapsed=4245s eta=45069s
  [142/1638] t=32 m=150 w=0 | elapsed=4275s eta=45038s
  [143/1638] t=32 m=200 w=0 | elapsed=4305s eta=45006s
  [144/1638] t=32 m=250 w=0 | elapsed=4336s eta=44986s
  [145/1638] t=32 m=300 w=0 | elapsed=4366s eta=44954s
  [146/1638] t=32 m=400 w=0 | elapsed=4396s eta=44923s
  [147/1638] t=32 m=500 w=0 | elapsed=4426s eta=44892s
  [148/1638] t=32 m=700 w=0 | elapsed=4456s eta=44861s
  [149/1638] t=32 m=1000 w=0 | elapsed=4486s eta=44829s
  [150/1638] t=32 m=2000 w=0 | elapsed=4516s eta=44798s
  [151/1638] t=32 m=3000 w=0 | elapsed=4546s eta=44767s
  [152/1638] t=32 m=5000 w=0 | elapsed=4576s eta=44736s
  [153/1638] t=32 m=7000 w=0 | elapsed=4607s eta=44715s
  [154/1638] t=32 m=10000 w=0 | elapsed=4637s eta=44683s
  [155/1638] t=32 m=20000 w=0 | elapsed=4667s eta=44652s
  [156/1638] t=32 m=50000 w=0 | elapsed=4697s eta=44621s
--- w=0ns, rep=3/3 ---
  [157/1638] t=8 m=0 w=0 | elapsed=4727s eta=44590s
  [158/1638] t=8 m=10 w=0 | elapsed=4757s eta=44559s
  [159/1638] t=8 m=20 w=0 | elapsed=4787s eta=44528s
  [160/1638] t=8 m=30 w=0 | elapsed=4817s eta=44497s
  [161/1638] t=8 m=40 w=0 | elapsed=4847s eta=44465s
  [162/1638] t=8 m=50 w=0 | elapsed=4878s eta=44444s
  [163/1638] t=8 m=60 w=0 | elapsed=4908s eta=44412s
  [164/1638] t=8 m=70 w=0 | elapsed=4938s eta=44381s
  [165/1638] t=8 m=80 w=0 | elapsed=4968s eta=44350s
  [166/1638] t=8 m=90 w=0 | elapsed=4998s eta=44319s
  [167/1638] t=8 m=100 w=0 | elapsed=5028s eta=44288s
  [168/1638] t=8 m=150 w=0 | elapsed=5058s eta=44257s
  [169/1638] t=8 m=200 w=0 | elapsed=5088s eta=44226s
  [170/1638] t=8 m=250 w=0 | elapsed=5118s eta=44195s
  [171/1638] t=8 m=300 w=0 | elapsed=5148s eta=44164s
  [172/1638] t=8 m=400 w=0 | elapsed=5179s eta=44141s
  [173/1638] t=8 m=500 w=0 | elapsed=5209s eta=44110s
  [174/1638] t=8 m=700 w=0 | elapsed=5239s eta=44079s
  [175/1638] t=8 m=1000 w=0 | elapsed=5269s eta=44048s
  [176/1638] t=8 m=2000 w=0 | elapsed=5299s eta=44017s
  [177/1638] t=8 m=3000 w=0 | elapsed=5329s eta=43986s
  [178/1638] t=8 m=5000 w=0 | elapsed=5359s eta=43955s
  [179/1638] t=8 m=7000 w=0 | elapsed=5389s eta=43924s
  [180/1638] t=8 m=10000 w=0 | elapsed=5419s eta=43893s
  [181/1638] t=8 m=20000 w=0 | elapsed=5450s eta=43870s
  [182/1638] t=8 m=50000 w=0 | elapsed=5480s eta=43840s
  [183/1638] t=16 m=0 w=0 | elapsed=5510s eta=43809s
  [184/1638] t=16 m=10 w=0 | elapsed=5540s eta=43778s
  [185/1638] t=16 m=20 w=0 | elapsed=5570s eta=43747s
  [186/1638] t=16 m=30 w=0 | elapsed=5600s eta=43716s
  [187/1638] t=16 m=40 w=0 | elapsed=5630s eta=43685s
  [188/1638] t=16 m=50 w=0 | elapsed=5660s eta=43654s
  [189/1638] t=16 m=60 w=0 | elapsed=5690s eta=43623s
  [190/1638] t=16 m=70 w=0 | elapsed=5720s eta=43592s
  [191/1638] t=16 m=80 w=0 | elapsed=5751s eta=43569s
  [192/1638] t=16 m=90 w=0 | elapsed=5781s eta=43538s
  [193/1638] t=16 m=100 w=0 | elapsed=5811s eta=43507s
  [194/1638] t=16 m=150 w=0 | elapsed=5841s eta=43476s
  [195/1638] t=16 m=200 w=0 | elapsed=5871s eta=43445s
  [196/1638] t=16 m=250 w=0 | elapsed=5901s eta=43414s
  [197/1638] t=16 m=300 w=0 | elapsed=5931s eta=43383s
  [198/1638] t=16 m=400 w=0 | elapsed=5961s eta=43352s
  [199/1638] t=16 m=500 w=0 | elapsed=5991s eta=43321s
  [200/1638] t=16 m=700 w=0 | elapsed=6022s eta=43298s
  [201/1638] t=16 m=1000 w=0 | elapsed=6052s eta=43267s
  [202/1638] t=16 m=2000 w=0 | elapsed=6082s eta=43236s
  [203/1638] t=16 m=3000 w=0 | elapsed=6112s eta=43205s
  [204/1638] t=16 m=5000 w=0 | elapsed=6142s eta=43174s
  [205/1638] t=16 m=7000 w=0 | elapsed=6172s eta=43143s
  [206/1638] t=16 m=10000 w=0 | elapsed=6202s eta=43112s
  [207/1638] t=16 m=20000 w=0 | elapsed=6232s eta=43082s
  [208/1638] t=16 m=50000 w=0 | elapsed=6262s eta=43051s
  [209/1638] t=32 m=0 w=0 | elapsed=6293s eta=43027s
  [210/1638] t=32 m=10 w=0 | elapsed=6323s eta=42996s
  [211/1638] t=32 m=20 w=0 | elapsed=6353s eta=42965s
  [212/1638] t=32 m=30 w=0 | elapsed=6383s eta=42934s
  [213/1638] t=32 m=40 w=0 | elapsed=6413s eta=42903s
  [214/1638] t=32 m=50 w=0 | elapsed=6443s eta=42873s
  [215/1638] t=32 m=60 w=0 | elapsed=6473s eta=42842s
  [216/1638] t=32 m=70 w=0 | elapsed=6503s eta=42811s
  [217/1638] t=32 m=80 w=0 | elapsed=6533s eta=42780s
  [218/1638] t=32 m=90 w=0 | elapsed=6563s eta=42749s
  [219/1638] t=32 m=100 w=0 | elapsed=6594s eta=42725s
  [220/1638] t=32 m=150 w=0 | elapsed=6624s eta=42694s
  [221/1638] t=32 m=200 w=0 | elapsed=6654s eta=42663s
  [222/1638] t=32 m=250 w=0 | elapsed=6684s eta=42633s
  [223/1638] t=32 m=300 w=0 | elapsed=6714s eta=42602s
  [224/1638] t=32 m=400 w=0 | elapsed=6744s eta=42571s
  [225/1638] t=32 m=500 w=0 | elapsed=6774s eta=42540s
  [226/1638] t=32 m=700 w=0 | elapsed=6804s eta=42509s
  [227/1638] t=32 m=1000 w=0 | elapsed=6834s eta=42479s
  [228/1638] t=32 m=2000 w=0 | elapsed=6865s eta=42454s
  [229/1638] t=32 m=3000 w=0 | elapsed=6895s eta=42423s
  [230/1638] t=32 m=5000 w=0 | elapsed=6925s eta=42393s
  [231/1638] t=32 m=7000 w=0 | elapsed=6955s eta=42362s
  [232/1638] t=32 m=10000 w=0 | elapsed=6985s eta=42331s
  [233/1638] t=32 m=20000 w=0 | elapsed=7015s eta=42300s
  [234/1638] t=32 m=50000 w=0 | elapsed=7045s eta=42270s
--- w=100ns, rep=1/3 ---
  [235/1638] t=8 m=0 w=100 | elapsed=7075s eta=42239s
  [236/1638] t=8 m=10 w=100 | elapsed=7106s eta=42214s
  [237/1638] t=8 m=20 w=100 | elapsed=7136s eta=42183s
  [238/1638] t=8 m=30 w=100 | elapsed=7166s eta=42152s
  [239/1638] t=8 m=40 w=100 | elapsed=7196s eta=42122s
  [240/1638] t=8 m=50 w=100 | elapsed=7226s eta=42091s
  [241/1638] t=8 m=60 w=100 | elapsed=7256s eta=42060s
  [242/1638] t=8 m=70 w=100 | elapsed=7286s eta=42029s
  [243/1638] t=8 m=80 w=100 | elapsed=7316s eta=41999s
  [244/1638] t=8 m=90 w=100 | elapsed=7346s eta=41968s
  [245/1638] t=8 m=100 w=100 | elapsed=7376s eta=41937s
  [246/1638] t=8 m=150 w=100 | elapsed=7407s eta=41912s
  [247/1638] t=8 m=200 w=100 | elapsed=7437s eta=41882s
  [248/1638] t=8 m=250 w=100 | elapsed=7467s eta=41851s
  [249/1638] t=8 m=300 w=100 | elapsed=7497s eta=41820s
  [250/1638] t=8 m=400 w=100 | elapsed=7527s eta=41789s
  [251/1638] t=8 m=500 w=100 | elapsed=7557s eta=41759s
  [252/1638] t=8 m=700 w=100 | elapsed=7587s eta=41728s
  [253/1638] t=8 m=1000 w=100 | elapsed=7617s eta=41697s
  [254/1638] t=8 m=2000 w=100 | elapsed=7647s eta=41667s
  [255/1638] t=8 m=3000 w=100 | elapsed=7678s eta=41641s
  [256/1638] t=8 m=5000 w=100 | elapsed=7708s eta=41611s
  [257/1638] t=8 m=7000 w=100 | elapsed=7738s eta=41580s
  [258/1638] t=8 m=10000 w=100 | elapsed=7768s eta=41549s
  [259/1638] t=8 m=20000 w=100 | elapsed=7798s eta=41519s
  [260/1638] t=8 m=50000 w=100 | elapsed=7828s eta=41488s
  [261/1638] t=16 m=0 w=100 | elapsed=7858s eta=41457s
  [262/1638] t=16 m=10 w=100 | elapsed=7888s eta=41427s
  [263/1638] t=16 m=20 w=100 | elapsed=7918s eta=41396s
  [264/1638] t=16 m=30 w=100 | elapsed=7948s eta=41365s
  [265/1638] t=16 m=40 w=100 | elapsed=7979s eta=41340s
  [266/1638] t=16 m=50 w=100 | elapsed=8009s eta=41309s
  [267/1638] t=16 m=60 w=100 | elapsed=8039s eta=41278s
  [268/1638] t=16 m=70 w=100 | elapsed=8069s eta=41248s
  [269/1638] t=16 m=80 w=100 | elapsed=8099s eta=41217s
  [270/1638] t=16 m=90 w=100 | elapsed=8129s eta=41186s
  [271/1638] t=16 m=100 w=100 | elapsed=8159s eta=41156s
  [272/1638] t=16 m=150 w=100 | elapsed=8189s eta=41125s
  [273/1638] t=16 m=200 w=100 | elapsed=8219s eta=41095s
  [274/1638] t=16 m=250 w=100 | elapsed=8250s eta=41069s
  [275/1638] t=16 m=300 w=100 | elapsed=8280s eta=41038s
  [276/1638] t=16 m=400 w=100 | elapsed=8310s eta=41008s
  [277/1638] t=16 m=500 w=100 | elapsed=8340s eta=40977s
  [278/1638] t=16 m=700 w=100 | elapsed=8370s eta=40946s
  [279/1638] t=16 m=1000 w=100 | elapsed=8400s eta=40916s
  [280/1638] t=16 m=2000 w=100 | elapsed=8430s eta=40885s
  [281/1638] t=16 m=3000 w=100 | elapsed=8460s eta=40854s
  [282/1638] t=16 m=5000 w=100 | elapsed=8490s eta=40824s
  [283/1638] t=16 m=7000 w=100 | elapsed=8521s eta=40798s
  [284/1638] t=16 m=10000 w=100 | elapsed=8551s eta=40767s
  [285/1638] t=16 m=20000 w=100 | elapsed=8581s eta=40737s
  [286/1638] t=16 m=50000 w=100 | elapsed=8611s eta=40706s
  [287/1638] t=32 m=0 w=100 | elapsed=8641s eta=40675s
  [288/1638] t=32 m=10 w=100 | elapsed=8671s eta=40645s
  [289/1638] t=32 m=20 w=100 | elapsed=8701s eta=40614s
  [290/1638] t=32 m=30 w=100 | elapsed=8731s eta=40584s
  [291/1638] t=32 m=40 w=100 | elapsed=8761s eta=40553s
  [292/1638] t=32 m=50 w=100 | elapsed=8792s eta=40527s
  [293/1638] t=32 m=60 w=100 | elapsed=8822s eta=40496s
  [294/1638] t=32 m=70 w=100 | elapsed=8852s eta=40466s
  [295/1638] t=32 m=80 w=100 | elapsed=8882s eta=40435s
  [296/1638] t=32 m=90 w=100 | elapsed=8912s eta=40405s
  [297/1638] t=32 m=100 w=100 | elapsed=8942s eta=40374s
  [298/1638] t=32 m=150 w=100 | elapsed=8972s eta=40343s
  [299/1638] t=32 m=200 w=100 | elapsed=9002s eta=40313s
  [300/1638] t=32 m=250 w=100 | elapsed=9032s eta=40282s
  [301/1638] t=32 m=300 w=100 | elapsed=9063s eta=40256s
  [302/1638] t=32 m=400 w=100 | elapsed=9093s eta=40225s
  [303/1638] t=32 m=500 w=100 | elapsed=9123s eta=40195s
  [304/1638] t=32 m=700 w=100 | elapsed=9153s eta=40164s
  [305/1638] t=32 m=1000 w=100 | elapsed=9183s eta=40134s
  [306/1638] t=32 m=2000 w=100 | elapsed=9213s eta=40103s
  [307/1638] t=32 m=3000 w=100 | elapsed=9243s eta=40073s
  [308/1638] t=32 m=5000 w=100 | elapsed=9273s eta=40042s
  [309/1638] t=32 m=7000 w=100 | elapsed=9303s eta=40011s
  [310/1638] t=32 m=10000 w=100 | elapsed=9334s eta=39985s
  [311/1638] t=32 m=20000 w=100 | elapsed=9364s eta=39955s
  [312/1638] t=32 m=50000 w=100 | elapsed=9394s eta=39924s
--- w=100ns, rep=2/3 ---
  [313/1638] t=8 m=0 w=100 | elapsed=9424s eta=39893s
  [314/1638] t=8 m=10 w=100 | elapsed=9454s eta=39863s
  [315/1638] t=8 m=20 w=100 | elapsed=9484s eta=39832s
  [316/1638] t=8 m=30 w=100 | elapsed=9514s eta=39802s
  [317/1638] t=8 m=40 w=100 | elapsed=9544s eta=39771s
  [318/1638] t=8 m=50 w=100 | elapsed=9574s eta=39741s
  [319/1638] t=8 m=60 w=100 | elapsed=9604s eta=39710s
  [320/1638] t=8 m=70 w=100 | elapsed=9635s eta=39684s
  [321/1638] t=8 m=80 w=100 | elapsed=9665s eta=39653s
  [322/1638] t=8 m=90 w=100 | elapsed=9695s eta=39623s
  [323/1638] t=8 m=100 w=100 | elapsed=9725s eta=39592s
  [324/1638] t=8 m=150 w=100 | elapsed=9755s eta=39561s
  [325/1638] t=8 m=200 w=100 | elapsed=9785s eta=39531s
  [326/1638] t=8 m=250 w=100 | elapsed=9815s eta=39500s
  [327/1638] t=8 m=300 w=100 | elapsed=9845s eta=39470s
  [328/1638] t=8 m=400 w=100 | elapsed=9875s eta=39439s
  [329/1638] t=8 m=500 w=100 | elapsed=9906s eta=39413s
  [330/1638] t=8 m=700 w=100 | elapsed=9936s eta=39382s
  [331/1638] t=8 m=1000 w=100 | elapsed=9966s eta=39352s
  [332/1638] t=8 m=2000 w=100 | elapsed=9996s eta=39321s
  [333/1638] t=8 m=3000 w=100 | elapsed=10026s eta=39291s
  [334/1638] t=8 m=5000 w=100 | elapsed=10056s eta=39260s
  [335/1638] t=8 m=7000 w=100 | elapsed=10086s eta=39230s
  [336/1638] t=8 m=10000 w=100 | elapsed=10116s eta=39199s
  [337/1638] t=8 m=20000 w=100 | elapsed=10146s eta=39168s
  [338/1638] t=8 m=50000 w=100 | elapsed=10177s eta=39142s
  [339/1638] t=16 m=0 w=100 | elapsed=10207s eta=39111s
  [340/1638] t=16 m=10 w=100 | elapsed=10237s eta=39081s
  [341/1638] t=16 m=20 w=100 | elapsed=10267s eta=39050s
  [342/1638] t=16 m=30 w=100 | elapsed=10297s eta=39020s
  [343/1638] t=16 m=40 w=100 | elapsed=10327s eta=38989s
  [344/1638] t=16 m=50 w=100 | elapsed=10357s eta=38959s
  [345/1638] t=16 m=60 w=100 | elapsed=10387s eta=38928s
  [346/1638] t=16 m=70 w=100 | elapsed=10417s eta=38898s
  [347/1638] t=16 m=80 w=100 | elapsed=10447s eta=38867s
  [348/1638] t=16 m=90 w=100 | elapsed=10478s eta=38840s
  [349/1638] t=16 m=100 w=100 | elapsed=10508s eta=38810s
  [350/1638] t=16 m=150 w=100 | elapsed=10538s eta=38779s
  [351/1638] t=16 m=200 w=100 | elapsed=10568s eta=38749s
  [352/1638] t=16 m=250 w=100 | elapsed=10598s eta=38718s
  [353/1638] t=16 m=300 w=100 | elapsed=10628s eta=38688s
  [354/1638] t=16 m=400 w=100 | elapsed=10658s eta=38657s
  [355/1638] t=16 m=500 w=100 | elapsed=10688s eta=38627s
  [356/1638] t=16 m=700 w=100 | elapsed=10718s eta=38596s
  [357/1638] t=16 m=1000 w=100 | elapsed=10749s eta=38569s
  [358/1638] t=16 m=2000 w=100 | elapsed=10779s eta=38539s
  [359/1638] t=16 m=3000 w=100 | elapsed=10809s eta=38508s
  [360/1638] t=16 m=5000 w=100 | elapsed=10839s eta=38478s
  [361/1638] t=16 m=7000 w=100 | elapsed=10869s eta=38447s
  [362/1638] t=16 m=10000 w=100 | elapsed=10899s eta=38417s
  [363/1638] t=16 m=20000 w=100 | elapsed=10929s eta=38386s
  [364/1638] t=16 m=50000 w=100 | elapsed=10959s eta=38356s
  [365/1638] t=32 m=0 w=100 | elapsed=10989s eta=38326s
  [366/1638] t=32 m=10 w=100 | elapsed=11020s eta=38299s
  [367/1638] t=32 m=20 w=100 | elapsed=11050s eta=38268s
  [368/1638] t=32 m=30 w=100 | elapsed=11080s eta=38238s
  [369/1638] t=32 m=40 w=100 | elapsed=11110s eta=38207s
  [370/1638] t=32 m=50 w=100 | elapsed=11140s eta=38177s
  [371/1638] t=32 m=60 w=100 | elapsed=11170s eta=38146s
  [372/1638] t=32 m=70 w=100 | elapsed=11200s eta=38116s
  [373/1638] t=32 m=80 w=100 | elapsed=11230s eta=38085s
  [374/1638] t=32 m=90 w=100 | elapsed=11260s eta=38055s
  [375/1638] t=32 m=100 w=100 | elapsed=11290s eta=38024s
  [376/1638] t=32 m=150 w=100 | elapsed=11321s eta=37997s
  [377/1638] t=32 m=200 w=100 | elapsed=11351s eta=37967s
  [378/1638] t=32 m=250 w=100 | elapsed=11381s eta=37936s
  [379/1638] t=32 m=300 w=100 | elapsed=11411s eta=37906s
  [380/1638] t=32 m=400 w=100 | elapsed=11441s eta=37875s
  [381/1638] t=32 m=500 w=100 | elapsed=11471s eta=37845s
  [382/1638] t=32 m=700 w=100 | elapsed=11501s eta=37814s
  [383/1638] t=32 m=1000 w=100 | elapsed=11531s eta=37784s
  [384/1638] t=32 m=2000 w=100 | elapsed=11561s eta=37753s
  [385/1638] t=32 m=3000 w=100 | elapsed=11592s eta=37726s
  [386/1638] t=32 m=5000 w=100 | elapsed=11622s eta=37696s
  [387/1638] t=32 m=7000 w=100 | elapsed=11652s eta=37665s
  [388/1638] t=32 m=10000 w=100 | elapsed=11682s eta=37635s
  [389/1638] t=32 m=20000 w=100 | elapsed=11712s eta=37604s
  [390/1638] t=32 m=50000 w=100 | elapsed=11742s eta=37574s
--- w=100ns, rep=3/3 ---
  [391/1638] t=8 m=0 w=100 | elapsed=11772s eta=37543s
  [392/1638] t=8 m=10 w=100 | elapsed=11802s eta=37513s
  [393/1638] t=8 m=20 w=100 | elapsed=11832s eta=37483s
  [394/1638] t=8 m=30 w=100 | elapsed=11863s eta=37455s
  [395/1638] t=8 m=40 w=100 | elapsed=11893s eta=37425s
  [396/1638] t=8 m=50 w=100 | elapsed=11923s eta=37394s
  [397/1638] t=8 m=60 w=100 | elapsed=11953s eta=37364s
  [398/1638] t=8 m=70 w=100 | elapsed=11983s eta=37333s
  [399/1638] t=8 m=80 w=100 | elapsed=12013s eta=37303s
  [400/1638] t=8 m=90 w=100 | elapsed=12043s eta=37273s
  [401/1638] t=8 m=100 w=100 | elapsed=12073s eta=37242s
  [402/1638] t=8 m=150 w=100 | elapsed=12103s eta=37212s
  [403/1638] t=8 m=200 w=100 | elapsed=12134s eta=37184s
  [404/1638] t=8 m=250 w=100 | elapsed=12164s eta=37154s
  [405/1638] t=8 m=300 w=100 | elapsed=12194s eta=37123s
  [406/1638] t=8 m=400 w=100 | elapsed=12224s eta=37093s
  [407/1638] t=8 m=500 w=100 | elapsed=12254s eta=37063s
  [408/1638] t=8 m=700 w=100 | elapsed=12284s eta=37032s
  [409/1638] t=8 m=1000 w=100 | elapsed=12314s eta=37002s
  [410/1638] t=8 m=2000 w=100 | elapsed=12344s eta=36971s
  [411/1638] t=8 m=3000 w=100 | elapsed=12374s eta=36941s
  [412/1638] t=8 m=5000 w=100 | elapsed=12405s eta=36913s
  [413/1638] t=8 m=7000 w=100 | elapsed=12435s eta=36883s
  [414/1638] t=8 m=10000 w=100 | elapsed=12465s eta=36853s
  [415/1638] t=8 m=20000 w=100 | elapsed=12495s eta=36822s
  [416/1638] t=8 m=50000 w=100 | elapsed=12525s eta=36792s
  [417/1638] t=16 m=0 w=100 | elapsed=12555s eta=36761s
  [418/1638] t=16 m=10 w=100 | elapsed=12585s eta=36731s
  [419/1638] t=16 m=20 w=100 | elapsed=12615s eta=36700s
  [420/1638] t=16 m=30 w=100 | elapsed=12645s eta=36670s
  [421/1638] t=16 m=40 w=100 | elapsed=12675s eta=36640s
  [422/1638] t=16 m=50 w=100 | elapsed=12706s eta=36612s
  [423/1638] t=16 m=60 w=100 | elapsed=12736s eta=36582s
  [424/1638] t=16 m=70 w=100 | elapsed=12766s eta=36551s
  [425/1638] t=16 m=80 w=100 | elapsed=12796s eta=36521s
  [426/1638] t=16 m=90 w=100 | elapsed=12826s eta=36490s
  [427/1638] t=16 m=100 w=100 | elapsed=12856s eta=36460s
  [428/1638] t=16 m=150 w=100 | elapsed=12886s eta=36430s
  [429/1638] t=16 m=200 w=100 | elapsed=12916s eta=36399s
  [430/1638] t=16 m=250 w=100 | elapsed=12946s eta=36369s
  [431/1638] t=16 m=300 w=100 | elapsed=12977s eta=36341s
  [432/1638] t=16 m=400 w=100 | elapsed=13007s eta=36311s
  [433/1638] t=16 m=500 w=100 | elapsed=13037s eta=36280s
  [434/1638] t=16 m=700 w=100 | elapsed=13067s eta=36250s
  [435/1638] t=16 m=1000 w=100 | elapsed=13097s eta=36219s
  [436/1638] t=16 m=2000 w=100 | elapsed=13127s eta=36189s
  [437/1638] t=16 m=3000 w=100 | elapsed=13157s eta=36159s
  [438/1638] t=16 m=5000 w=100 | elapsed=13187s eta=36128s
  [439/1638] t=16 m=7000 w=100 | elapsed=13217s eta=36098s
  [440/1638] t=16 m=10000 w=100 | elapsed=13248s eta=36070s
  [441/1638] t=16 m=20000 w=100 | elapsed=13278s eta=36040s
  [442/1638] t=16 m=50000 w=100 | elapsed=13308s eta=36009s
  [443/1638] t=32 m=0 w=100 | elapsed=13338s eta=35979s
  [444/1638] t=32 m=10 w=100 | elapsed=13368s eta=35949s
  [445/1638] t=32 m=20 w=100 | elapsed=13398s eta=35918s
  [446/1638] t=32 m=30 w=100 | elapsed=13428s eta=35888s
  [447/1638] t=32 m=40 w=100 | elapsed=13458s eta=35857s
  [448/1638] t=32 m=50 w=100 | elapsed=13488s eta=35827s
  [449/1638] t=32 m=60 w=100 | elapsed=13518s eta=35797s
  [450/1638] t=32 m=70 w=100 | elapsed=13549s eta=35769s
  [451/1638] t=32 m=80 w=100 | elapsed=13579s eta=35738s
  [452/1638] t=32 m=90 w=100 | elapsed=13609s eta=35708s
  [453/1638] t=32 m=100 w=100 | elapsed=13639s eta=35678s
  [454/1638] t=32 m=150 w=100 | elapsed=13669s eta=35647s
  [455/1638] t=32 m=200 w=100 | elapsed=13699s eta=35617s
  [456/1638] t=32 m=250 w=100 | elapsed=13729s eta=35587s
  [457/1638] t=32 m=300 w=100 | elapsed=13759s eta=35556s
  [458/1638] t=32 m=400 w=100 | elapsed=13789s eta=35526s
  [459/1638] t=32 m=500 w=100 | elapsed=13820s eta=35498s
  [460/1638] t=32 m=700 w=100 | elapsed=13850s eta=35468s
  [461/1638] t=32 m=1000 w=100 | elapsed=13880s eta=35437s
  [462/1638] t=32 m=2000 w=100 | elapsed=13910s eta=35407s
  [463/1638] t=32 m=3000 w=100 | elapsed=13940s eta=35376s
  [464/1638] t=32 m=5000 w=100 | elapsed=13970s eta=35346s
  [465/1638] t=32 m=7000 w=100 | elapsed=14000s eta=35316s
  [466/1638] t=32 m=10000 w=100 | elapsed=14030s eta=35285s
  [467/1638] t=32 m=20000 w=100 | elapsed=14060s eta=35255s
  [468/1638] t=32 m=50000 w=100 | elapsed=14091s eta=35227s
--- w=200ns, rep=1/3 ---
  [469/1638] t=8 m=0 w=200 | elapsed=14121s eta=35197s
  [470/1638] t=8 m=10 w=200 | elapsed=14151s eta=35166s
  [471/1638] t=8 m=20 w=200 | elapsed=14181s eta=35136s
  [472/1638] t=8 m=30 w=200 | elapsed=14211s eta=35105s
  [473/1638] t=8 m=40 w=200 | elapsed=14241s eta=35075s
  [474/1638] t=8 m=50 w=200 | elapsed=14271s eta=35045s
  [475/1638] t=8 m=60 w=200 | elapsed=14301s eta=35014s
  [476/1638] t=8 m=70 w=200 | elapsed=14331s eta=34984s
  [477/1638] t=8 m=80 w=200 | elapsed=14362s eta=34956s
  [478/1638] t=8 m=90 w=200 | elapsed=14392s eta=34926s
  [479/1638] t=8 m=100 w=200 | elapsed=14422s eta=34895s
  [480/1638] t=8 m=150 w=200 | elapsed=14452s eta=34865s
  [481/1638] t=8 m=200 w=200 | elapsed=14482s eta=34835s
  [482/1638] t=8 m=250 w=200 | elapsed=14512s eta=34804s
  [483/1638] t=8 m=300 w=200 | elapsed=14542s eta=34774s
  [484/1638] t=8 m=400 w=200 | elapsed=14572s eta=34743s
  [485/1638] t=8 m=500 w=200 | elapsed=14602s eta=34713s
  [486/1638] t=8 m=700 w=200 | elapsed=14632s eta=34683s
  [487/1638] t=8 m=1000 w=200 | elapsed=14663s eta=34655s
  [488/1638] t=8 m=2000 w=200 | elapsed=14693s eta=34624s
  [489/1638] t=8 m=3000 w=200 | elapsed=14723s eta=34594s
  [490/1638] t=8 m=5000 w=200 | elapsed=14753s eta=34564s
  [491/1638] t=8 m=7000 w=200 | elapsed=14783s eta=34533s
  [492/1638] t=8 m=10000 w=200 | elapsed=14813s eta=34503s
  [493/1638] t=8 m=20000 w=200 | elapsed=14843s eta=34473s
  [494/1638] t=8 m=50000 w=200 | elapsed=14873s eta=34442s
  [495/1638] t=16 m=0 w=200 | elapsed=14903s eta=34412s
  [496/1638] t=16 m=10 w=200 | elapsed=14934s eta=34384s
  [497/1638] t=16 m=20 w=200 | elapsed=14964s eta=34353s
  [498/1638] t=16 m=30 w=200 | elapsed=14994s eta=34323s
  [499/1638] t=16 m=40 w=200 | elapsed=15024s eta=34293s
  [500/1638] t=16 m=50 w=200 | elapsed=15054s eta=34262s
  [501/1638] t=16 m=60 w=200 | elapsed=15084s eta=34232s
  [502/1638] t=16 m=70 w=200 | elapsed=15114s eta=34202s
  [503/1638] t=16 m=80 w=200 | elapsed=15144s eta=34171s
  [504/1638] t=16 m=90 w=200 | elapsed=15174s eta=34141s
  [505/1638] t=16 m=100 w=200 | elapsed=15204s eta=34111s
  [506/1638] t=16 m=150 w=200 | elapsed=15235s eta=34083s
  [507/1638] t=16 m=200 w=200 | elapsed=15265s eta=34052s
  [508/1638] t=16 m=250 w=200 | elapsed=15295s eta=34022s
  [509/1638] t=16 m=300 w=200 | elapsed=15325s eta=33991s
  [510/1638] t=16 m=400 w=200 | elapsed=15355s eta=33961s
  [511/1638] t=16 m=500 w=200 | elapsed=15385s eta=33931s
  [512/1638] t=16 m=700 w=200 | elapsed=15415s eta=33900s
  [513/1638] t=16 m=1000 w=200 | elapsed=15445s eta=33870s
  [514/1638] t=16 m=2000 w=200 | elapsed=15475s eta=33840s
  [515/1638] t=16 m=3000 w=200 | elapsed=15506s eta=33812s
  [516/1638] t=16 m=5000 w=200 | elapsed=15536s eta=33781s
  [517/1638] t=16 m=7000 w=200 | elapsed=15566s eta=33751s
  [518/1638] t=16 m=10000 w=200 | elapsed=15596s eta=33721s
  [519/1638] t=16 m=20000 w=200 | elapsed=15626s eta=33690s
  [520/1638] t=16 m=50000 w=200 | elapsed=15656s eta=33660s
  [521/1638] t=32 m=0 w=200 | elapsed=15686s eta=33630s
  [522/1638] t=32 m=10 w=200 | elapsed=15716s eta=33599s
  [523/1638] t=32 m=20 w=200 | elapsed=15746s eta=33569s
  [524/1638] t=32 m=30 w=200 | elapsed=15777s eta=33541s
  [525/1638] t=32 m=40 w=200 | elapsed=15807s eta=33510s
  [526/1638] t=32 m=50 w=200 | elapsed=15837s eta=33480s
  [527/1638] t=32 m=60 w=200 | elapsed=15867s eta=33450s
  [528/1638] t=32 m=70 w=200 | elapsed=15897s eta=33419s
  [529/1638] t=32 m=80 w=200 | elapsed=15927s eta=33389s
  [530/1638] t=32 m=90 w=200 | elapsed=15957s eta=33359s
  [531/1638] t=32 m=100 w=200 | elapsed=15987s eta=33328s
  [532/1638] t=32 m=150 w=200 | elapsed=16017s eta=33298s
  [533/1638] t=32 m=200 w=200 | elapsed=16048s eta=33270s
  [534/1638] t=32 m=250 w=200 | elapsed=16078s eta=33239s
  [535/1638] t=32 m=300 w=200 | elapsed=16108s eta=33209s
  [536/1638] t=32 m=400 w=200 | elapsed=16138s eta=33179s
  [537/1638] t=32 m=500 w=200 | elapsed=16168s eta=33148s
  [538/1638] t=32 m=700 w=200 | elapsed=16198s eta=33118s
  [539/1638] t=32 m=1000 w=200 | elapsed=16228s eta=33088s
  [540/1638] t=32 m=2000 w=200 | elapsed=16258s eta=33057s
  [541/1638] t=32 m=3000 w=200 | elapsed=16288s eta=33027s
  [542/1638] t=32 m=5000 w=200 | elapsed=16319s eta=32999s
  [543/1638] t=32 m=7000 w=200 | elapsed=16349s eta=32968s
  [544/1638] t=32 m=10000 w=200 | elapsed=16379s eta=32938s
  [545/1638] t=32 m=20000 w=200 | elapsed=16409s eta=32908s
  [546/1638] t=32 m=50000 w=200 | elapsed=16439s eta=32878s
--- w=200ns, rep=2/3 ---
  [547/1638] t=8 m=0 w=200 | elapsed=16469s eta=32847s
  [548/1638] t=8 m=10 w=200 | elapsed=16499s eta=32817s
  [549/1638] t=8 m=20 w=200 | elapsed=16529s eta=32787s
  [550/1638] t=8 m=30 w=200 | elapsed=16559s eta=32756s
  [551/1638] t=8 m=40 w=200 | elapsed=16590s eta=32728s
  [552/1638] t=8 m=50 w=200 | elapsed=16620s eta=32698s
  [553/1638] t=8 m=60 w=200 | elapsed=16650s eta=32667s
  [554/1638] t=8 m=70 w=200 | elapsed=16680s eta=32637s
  [555/1638] t=8 m=80 w=200 | elapsed=16710s eta=32607s
  [556/1638] t=8 m=90 w=200 | elapsed=16740s eta=32576s
  [557/1638] t=8 m=100 w=200 | elapsed=16770s eta=32546s
  [558/1638] t=8 m=150 w=200 | elapsed=16800s eta=32516s
  [559/1638] t=8 m=200 w=200 | elapsed=16830s eta=32485s
  [560/1638] t=8 m=250 w=200 | elapsed=16860s eta=32455s
  [561/1638] t=8 m=300 w=200 | elapsed=16891s eta=32427s
  [562/1638] t=8 m=400 w=200 | elapsed=16921s eta=32396s
  [563/1638] t=8 m=500 w=200 | elapsed=16951s eta=32366s
  [564/1638] t=8 m=700 w=200 | elapsed=16981s eta=32336s
  [565/1638] t=8 m=1000 w=200 | elapsed=17011s eta=32305s
  [566/1638] t=8 m=2000 w=200 | elapsed=17041s eta=32275s
  [567/1638] t=8 m=3000 w=200 | elapsed=17071s eta=32245s
  [568/1638] t=8 m=5000 w=200 | elapsed=17101s eta=32214s
  [569/1638] t=8 m=7000 w=200 | elapsed=17131s eta=32184s
  [570/1638] t=8 m=10000 w=200 | elapsed=17162s eta=32156s
  [571/1638] t=8 m=20000 w=200 | elapsed=17192s eta=32125s
  [572/1638] t=8 m=50000 w=200 | elapsed=17222s eta=32095s
  [573/1638] t=16 m=0 w=200 | elapsed=17252s eta=32065s
  [574/1638] t=16 m=10 w=200 | elapsed=17282s eta=32034s
  [575/1638] t=16 m=20 w=200 | elapsed=17312s eta=32004s
  [576/1638] t=16 m=30 w=200 | elapsed=17342s eta=31974s
  [577/1638] t=16 m=40 w=200 | elapsed=17372s eta=31944s
  [578/1638] t=16 m=50 w=200 | elapsed=17402s eta=31913s
  [579/1638] t=16 m=60 w=200 | elapsed=17432s eta=31883s
  [580/1638] t=16 m=70 w=200 | elapsed=17463s eta=31854s
  [581/1638] t=16 m=80 w=200 | elapsed=17493s eta=31824s
  [582/1638] t=16 m=90 w=200 | elapsed=17523s eta=31794s
  [583/1638] t=16 m=100 w=200 | elapsed=17553s eta=31764s
  [584/1638] t=16 m=150 w=200 | elapsed=17583s eta=31733s
  [585/1638] t=16 m=200 w=200 | elapsed=17613s eta=31703s
  [586/1638] t=16 m=250 w=200 | elapsed=17643s eta=31673s
  [587/1638] t=16 m=300 w=200 | elapsed=17673s eta=31642s
  [588/1638] t=16 m=400 w=200 | elapsed=17703s eta=31612s
  [589/1638] t=16 m=500 w=200 | elapsed=17734s eta=31583s
  [590/1638] t=16 m=700 w=200 | elapsed=17764s eta=31553s
  [591/1638] t=16 m=1000 w=200 | elapsed=17794s eta=31523s
  [592/1638] t=16 m=2000 w=200 | elapsed=17824s eta=31493s
  [593/1638] t=16 m=3000 w=200 | elapsed=17854s eta=31462s
  [594/1638] t=16 m=5000 w=200 | elapsed=17884s eta=31432s
  [595/1638] t=16 m=7000 w=200 | elapsed=17914s eta=31402s
  [596/1638] t=16 m=10000 w=200 | elapsed=17944s eta=31371s
  [597/1638] t=16 m=20000 w=200 | elapsed=17974s eta=31341s
  [598/1638] t=16 m=50000 w=200 | elapsed=18005s eta=31313s
  [599/1638] t=32 m=0 w=200 | elapsed=18035s eta=31282s
  [600/1638] t=32 m=10 w=200 | elapsed=18065s eta=31252s
  [601/1638] t=32 m=20 w=200 | elapsed=18095s eta=31222s
  [602/1638] t=32 m=30 w=200 | elapsed=18125s eta=31191s
  [603/1638] t=32 m=40 w=200 | elapsed=18155s eta=31161s
  [604/1638] t=32 m=50 w=200 | elapsed=18185s eta=31131s
  [605/1638] t=32 m=60 w=200 | elapsed=18215s eta=31100s
  [606/1638] t=32 m=70 w=200 | elapsed=18245s eta=31070s
  [607/1638] t=32 m=80 w=200 | elapsed=18275s eta=31040s
  [608/1638] t=32 m=90 w=200 | elapsed=18306s eta=31011s
  [609/1638] t=32 m=100 w=200 | elapsed=18336s eta=30981s
  [610/1638] t=32 m=150 w=200 | elapsed=18366s eta=30951s
  [611/1638] t=32 m=200 w=200 | elapsed=18396s eta=30920s
  [612/1638] t=32 m=250 w=200 | elapsed=18426s eta=30890s
  [613/1638] t=32 m=300 w=200 | elapsed=18456s eta=30860s
  [614/1638] t=32 m=400 w=200 | elapsed=18486s eta=30830s
  [615/1638] t=32 m=500 w=200 | elapsed=18516s eta=30799s
  [616/1638] t=32 m=700 w=200 | elapsed=18546s eta=30769s
  [617/1638] t=32 m=1000 w=200 | elapsed=18577s eta=30740s
  [618/1638] t=32 m=2000 w=200 | elapsed=18607s eta=30710s
  [619/1638] t=32 m=3000 w=200 | elapsed=18637s eta=30680s
  [620/1638] t=32 m=5000 w=200 | elapsed=18667s eta=30650s
  [621/1638] t=32 m=7000 w=200 | elapsed=18697s eta=30619s
  [622/1638] t=32 m=10000 w=200 | elapsed=18727s eta=30589s
  [623/1638] t=32 m=20000 w=200 | elapsed=18757s eta=30559s
  [624/1638] t=32 m=50000 w=200 | elapsed=18787s eta=30528s
--- w=200ns, rep=3/3 ---
  [625/1638] t=8 m=0 w=200 | elapsed=18818s eta=30500s
  [626/1638] t=8 m=10 w=200 | elapsed=18848s eta=30469s
  [627/1638] t=8 m=20 w=200 | elapsed=18878s eta=30439s
  [628/1638] t=8 m=30 w=200 | elapsed=18908s eta=30409s
  [629/1638] t=8 m=40 w=200 | elapsed=18938s eta=30379s
  [630/1638] t=8 m=50 w=200 | elapsed=18968s eta=30348s
  [631/1638] t=8 m=60 w=200 | elapsed=18998s eta=30318s
  [632/1638] t=8 m=70 w=200 | elapsed=19028s eta=30288s
  [633/1638] t=8 m=80 w=200 | elapsed=19058s eta=30257s
  [634/1638] t=8 m=90 w=200 | elapsed=19088s eta=30227s
  [635/1638] t=8 m=100 w=200 | elapsed=19119s eta=30198s
  [636/1638] t=8 m=150 w=200 | elapsed=19149s eta=30168s
  [637/1638] t=8 m=200 w=200 | elapsed=19179s eta=30138s
  [638/1638] t=8 m=250 w=200 | elapsed=19209s eta=30108s
  [639/1638] t=8 m=300 w=200 | elapsed=19239s eta=30077s
  [640/1638] t=8 m=400 w=200 | elapsed=19269s eta=30047s
  [641/1638] t=8 m=500 w=200 | elapsed=19299s eta=30017s
  [642/1638] t=8 m=700 w=200 | elapsed=19329s eta=29987s
  [643/1638] t=8 m=1000 w=200 | elapsed=19359s eta=29956s
  [644/1638] t=8 m=2000 w=200 | elapsed=19390s eta=29928s
  [645/1638] t=8 m=3000 w=200 | elapsed=19420s eta=29897s
  [646/1638] t=8 m=5000 w=200 | elapsed=19450s eta=29867s
  [647/1638] t=8 m=7000 w=200 | elapsed=19480s eta=29837s
  [648/1638] t=8 m=10000 w=200 | elapsed=19510s eta=29806s
  [649/1638] t=8 m=20000 w=200 | elapsed=19540s eta=29776s
  [650/1638] t=8 m=50000 w=200 | elapsed=19570s eta=29746s
  [651/1638] t=16 m=0 w=200 | elapsed=19600s eta=29716s
  [652/1638] t=16 m=10 w=200 | elapsed=19630s eta=29685s
  [653/1638] t=16 m=20 w=200 | elapsed=19660s eta=29655s
  [654/1638] t=16 m=30 w=200 | elapsed=19691s eta=29626s
  [655/1638] t=16 m=40 w=200 | elapsed=19721s eta=29596s
  [656/1638] t=16 m=50 w=200 | elapsed=19751s eta=29566s
  [657/1638] t=16 m=60 w=200 | elapsed=19781s eta=29536s
  [658/1638] t=16 m=70 w=200 | elapsed=19811s eta=29505s
  [659/1638] t=16 m=80 w=200 | elapsed=19841s eta=29475s
  [660/1638] t=16 m=90 w=200 | elapsed=19871s eta=29445s
  [661/1638] t=16 m=100 w=200 | elapsed=19901s eta=29414s
  [662/1638] t=16 m=150 w=200 | elapsed=19931s eta=29384s
  [663/1638] t=16 m=200 w=200 | elapsed=19962s eta=29355s
  [664/1638] t=16 m=250 w=200 | elapsed=19992s eta=29325s
  [665/1638] t=16 m=300 w=200 | elapsed=20022s eta=29295s
  [666/1638] t=16 m=400 w=200 | elapsed=20052s eta=29265s
  [667/1638] t=16 m=500 w=200 | elapsed=20082s eta=29234s
  [668/1638] t=16 m=700 w=200 | elapsed=20112s eta=29204s
  [669/1638] t=16 m=1000 w=200 | elapsed=20142s eta=29174s
  [670/1638] t=16 m=2000 w=200 | elapsed=20172s eta=29144s
  [671/1638] t=16 m=3000 w=200 | elapsed=20202s eta=29113s
  [672/1638] t=16 m=5000 w=200 | elapsed=20233s eta=29084s
  [673/1638] t=16 m=7000 w=200 | elapsed=20263s eta=29054s
  [674/1638] t=16 m=10000 w=200 | elapsed=20293s eta=29024s
  [675/1638] t=16 m=20000 w=200 | elapsed=20323s eta=28994s
  [676/1638] t=16 m=50000 w=200 | elapsed=20353s eta=28963s
  [677/1638] t=32 m=0 w=200 | elapsed=20383s eta=28933s
  [678/1638] t=32 m=10 w=200 | elapsed=20413s eta=28903s
  [679/1638] t=32 m=20 w=200 | elapsed=20443s eta=28873s
  [680/1638] t=32 m=30 w=200 | elapsed=20473s eta=28842s
  [681/1638] t=32 m=40 w=200 | elapsed=20503s eta=28812s
  [682/1638] t=32 m=50 w=200 | elapsed=20534s eta=28783s
  [683/1638] t=32 m=60 w=200 | elapsed=20564s eta=28753s
  [684/1638] t=32 m=70 w=200 | elapsed=20594s eta=28723s
  [685/1638] t=32 m=80 w=200 | elapsed=20624s eta=28692s
  [686/1638] t=32 m=90 w=200 | elapsed=20654s eta=28662s
  [687/1638] t=32 m=100 w=200 | elapsed=20684s eta=28632s
  [688/1638] t=32 m=150 w=200 | elapsed=20714s eta=28602s
  [689/1638] t=32 m=200 w=200 | elapsed=20744s eta=28571s
  [690/1638] t=32 m=250 w=200 | elapsed=20774s eta=28541s
  [691/1638] t=32 m=300 w=200 | elapsed=20805s eta=28512s
  [692/1638] t=32 m=400 w=200 | elapsed=20835s eta=28482s
  [693/1638] t=32 m=500 w=200 | elapsed=20865s eta=28452s
  [694/1638] t=32 m=700 w=200 | elapsed=20895s eta=28422s
  [695/1638] t=32 m=1000 w=200 | elapsed=20925s eta=28391s
  [696/1638] t=32 m=2000 w=200 | elapsed=20955s eta=28361s
  [697/1638] t=32 m=3000 w=200 | elapsed=20985s eta=28331s
  [698/1638] t=32 m=5000 w=200 | elapsed=21015s eta=28301s
  [699/1638] t=32 m=7000 w=200 | elapsed=21045s eta=28270s
  [700/1638] t=32 m=10000 w=200 | elapsed=21076s eta=28241s
  [701/1638] t=32 m=20000 w=200 | elapsed=21106s eta=28211s
  [702/1638] t=32 m=50000 w=200 | elapsed=21136s eta=28181s
--- w=500ns, rep=1/3 ---
  [703/1638] t=8 m=0 w=500 | elapsed=21166s eta=28151s
  [704/1638] t=8 m=10 w=500 | elapsed=21196s eta=28120s
  [705/1638] t=8 m=20 w=500 | elapsed=21226s eta=28090s
  [706/1638] t=8 m=30 w=500 | elapsed=21256s eta=28060s
  [707/1638] t=8 m=40 w=500 | elapsed=21286s eta=28030s
  [708/1638] t=8 m=50 w=500 | elapsed=21316s eta=27999s
  [709/1638] t=8 m=60 w=500 | elapsed=21347s eta=27970s
  [710/1638] t=8 m=70 w=500 | elapsed=21377s eta=27940s
  [711/1638] t=8 m=80 w=500 | elapsed=21407s eta=27910s
  [712/1638] t=8 m=90 w=500 | elapsed=21437s eta=27880s
  [713/1638] t=8 m=100 w=500 | elapsed=21467s eta=27849s
  [714/1638] t=8 m=150 w=500 | elapsed=21497s eta=27819s
  [715/1638] t=8 m=200 w=500 | elapsed=21527s eta=27789s
  [716/1638] t=8 m=250 w=500 | elapsed=21557s eta=27759s
  [717/1638] t=8 m=300 w=500 | elapsed=21587s eta=27728s
  [718/1638] t=8 m=400 w=500 | elapsed=21618s eta=27699s
  [719/1638] t=8 m=500 w=500 | elapsed=21648s eta=27669s
  [720/1638] t=8 m=700 w=500 | elapsed=21678s eta=27639s
  [721/1638] t=8 m=1000 w=500 | elapsed=21708s eta=27609s
  [722/1638] t=8 m=2000 w=500 | elapsed=21738s eta=27578s
  [723/1638] t=8 m=3000 w=500 | elapsed=21768s eta=27548s
  [724/1638] t=8 m=5000 w=500 | elapsed=21798s eta=27518s
  [725/1638] t=8 m=7000 w=500 | elapsed=21828s eta=27488s
  [726/1638] t=8 m=10000 w=500 | elapsed=21858s eta=27457s
  [727/1638] t=8 m=20000 w=500 | elapsed=21888s eta=27427s
  [728/1638] t=8 m=50000 w=500 | elapsed=21919s eta=27398s
  [729/1638] t=16 m=0 w=500 | elapsed=21949s eta=27368s
  [730/1638] t=16 m=10 w=500 | elapsed=21979s eta=27338s
  [731/1638] t=16 m=20 w=500 | elapsed=22009s eta=27308s
  [732/1638] t=16 m=30 w=500 | elapsed=22039s eta=27277s
  [733/1638] t=16 m=40 w=500 | elapsed=22069s eta=27247s
  [734/1638] t=16 m=50 w=500 | elapsed=22099s eta=27217s
  [735/1638] t=16 m=60 w=500 | elapsed=22129s eta=27187s
  [736/1638] t=16 m=70 w=500 | elapsed=22159s eta=27156s
  [737/1638] t=16 m=80 w=500 | elapsed=22190s eta=27127s
  [738/1638] t=16 m=90 w=500 | elapsed=22220s eta=27097s
  [739/1638] t=16 m=100 w=500 | elapsed=22250s eta=27067s
  [740/1638] t=16 m=150 w=500 | elapsed=22280s eta=27037s
  [741/1638] t=16 m=200 w=500 | elapsed=22310s eta=27006s
  [742/1638] t=16 m=250 w=500 | elapsed=22340s eta=26976s
  [743/1638] t=16 m=300 w=500 | elapsed=22370s eta=26946s
  [744/1638] t=16 m=400 w=500 | elapsed=22400s eta=26916s
  [745/1638] t=16 m=500 w=500 | elapsed=22430s eta=26885s
  [746/1638] t=16 m=700 w=500 | elapsed=22460s eta=26855s
  [747/1638] t=16 m=1000 w=500 | elapsed=22491s eta=26826s
  [748/1638] t=16 m=2000 w=500 | elapsed=22521s eta=26796s
  [749/1638] t=16 m=3000 w=500 | elapsed=22551s eta=26766s
  [750/1638] t=16 m=5000 w=500 | elapsed=22581s eta=26735s
  [751/1638] t=16 m=7000 w=500 | elapsed=22611s eta=26705s
  [752/1638] t=16 m=10000 w=500 | elapsed=22641s eta=26675s
  [753/1638] t=16 m=20000 w=500 | elapsed=22671s eta=26645s
  [754/1638] t=16 m=50000 w=500 | elapsed=22701s eta=26614s
  [755/1638] t=32 m=0 w=500 | elapsed=22731s eta=26584s
  [756/1638] t=32 m=10 w=500 | elapsed=22762s eta=26555s
  [757/1638] t=32 m=20 w=500 | elapsed=22792s eta=26525s
  [758/1638] t=32 m=30 w=500 | elapsed=22822s eta=26495s
  [759/1638] t=32 m=40 w=500 | elapsed=22852s eta=26464s
  [760/1638] t=32 m=50 w=500 | elapsed=22882s eta=26434s
  [761/1638] t=32 m=60 w=500 | elapsed=22912s eta=26404s
  [762/1638] t=32 m=70 w=500 | elapsed=22942s eta=26374s
  [763/1638] t=32 m=80 w=500 | elapsed=22972s eta=26344s
  [764/1638] t=32 m=90 w=500 | elapsed=23002s eta=26313s
  [765/1638] t=32 m=100 w=500 | elapsed=23033s eta=26284s
  [766/1638] t=32 m=150 w=500 | elapsed=23063s eta=26254s
  [767/1638] t=32 m=200 w=500 | elapsed=23093s eta=26224s
  [768/1638] t=32 m=250 w=500 | elapsed=23123s eta=26194s
  [769/1638] t=32 m=300 w=500 | elapsed=23153s eta=26163s
  [770/1638] t=32 m=400 w=500 | elapsed=23183s eta=26133s
  [771/1638] t=32 m=500 w=500 | elapsed=23213s eta=26103s
  [772/1638] t=32 m=700 w=500 | elapsed=23243s eta=26073s
  [773/1638] t=32 m=1000 w=500 | elapsed=23273s eta=26042s
  [774/1638] t=32 m=2000 w=500 | elapsed=23304s eta=26013s
  [775/1638] t=32 m=3000 w=500 | elapsed=23334s eta=25983s
  [776/1638] t=32 m=5000 w=500 | elapsed=23364s eta=25953s
  [777/1638] t=32 m=7000 w=500 | elapsed=23394s eta=25923s
  [778/1638] t=32 m=10000 w=500 | elapsed=23424s eta=25892s
  [779/1638] t=32 m=20000 w=500 | elapsed=23454s eta=25862s
  [780/1638] t=32 m=50000 w=500 | elapsed=23484s eta=25832s
--- w=500ns, rep=2/3 ---
  [781/1638] t=8 m=0 w=500 | elapsed=23514s eta=25802s
  [782/1638] t=8 m=10 w=500 | elapsed=23544s eta=25771s
  [783/1638] t=8 m=20 w=500 | elapsed=23575s eta=25742s
  [784/1638] t=8 m=30 w=500 | elapsed=23605s eta=25712s
  [785/1638] t=8 m=40 w=500 | elapsed=23635s eta=25682s
  [786/1638] t=8 m=50 w=500 | elapsed=23665s eta=25652s
  [787/1638] t=8 m=60 w=500 | elapsed=23695s eta=25621s
  [788/1638] t=8 m=70 w=500 | elapsed=23725s eta=25591s
  [789/1638] t=8 m=80 w=500 | elapsed=23755s eta=25561s
  [790/1638] t=8 m=90 w=500 | elapsed=23785s eta=25531s
  [791/1638] t=8 m=100 w=500 | elapsed=23815s eta=25501s
  [792/1638] t=8 m=150 w=500 | elapsed=23845s eta=25470s
  [793/1638] t=8 m=200 w=500 | elapsed=23876s eta=25441s
  [794/1638] t=8 m=250 w=500 | elapsed=23906s eta=25411s
  [795/1638] t=8 m=300 w=500 | elapsed=23936s eta=25381s
  [796/1638] t=8 m=400 w=500 | elapsed=23966s eta=25350s
  [797/1638] t=8 m=500 w=500 | elapsed=23996s eta=25320s
  [798/1638] t=8 m=700 w=500 | elapsed=24026s eta=25290s
  [799/1638] t=8 m=1000 w=500 | elapsed=24056s eta=25260s
  [800/1638] t=8 m=2000 w=500 | elapsed=24086s eta=25230s
  [801/1638] t=8 m=3000 w=500 | elapsed=24116s eta=25199s
  [802/1638] t=8 m=5000 w=500 | elapsed=24147s eta=25170s
  [803/1638] t=8 m=7000 w=500 | elapsed=24177s eta=25140s
  [804/1638] t=8 m=10000 w=500 | elapsed=24207s eta=25110s
  [805/1638] t=8 m=20000 w=500 | elapsed=24237s eta=25080s
  [806/1638] t=8 m=50000 w=500 | elapsed=24267s eta=25049s
  [807/1638] t=16 m=0 w=500 | elapsed=24297s eta=25019s
  [808/1638] t=16 m=10 w=500 | elapsed=24327s eta=24989s
  [809/1638] t=16 m=20 w=500 | elapsed=24357s eta=24959s
  [810/1638] t=16 m=30 w=500 | elapsed=24387s eta=24928s
  [811/1638] t=16 m=40 w=500 | elapsed=24417s eta=24898s
  [812/1638] t=16 m=50 w=500 | elapsed=24448s eta=24869s
  [813/1638] t=16 m=60 w=500 | elapsed=24478s eta=24839s
  [814/1638] t=16 m=70 w=500 | elapsed=24508s eta=24809s
  [815/1638] t=16 m=80 w=500 | elapsed=24538s eta=24778s
  [816/1638] t=16 m=90 w=500 | elapsed=24568s eta=24748s
  [817/1638] t=16 m=100 w=500 | elapsed=24598s eta=24718s
  [818/1638] t=16 m=150 w=500 | elapsed=24628s eta=24688s
  [819/1638] t=16 m=200 w=500 | elapsed=24658s eta=24658s
  [820/1638] t=16 m=250 w=500 | elapsed=24688s eta=24627s
  [821/1638] t=16 m=300 w=500 | elapsed=24719s eta=24598s
  [822/1638] t=16 m=400 w=500 | elapsed=24749s eta=24568s
  [823/1638] t=16 m=500 w=500 | elapsed=24779s eta=24538s
  [824/1638] t=16 m=700 w=500 | elapsed=24809s eta=24507s
  [825/1638] t=16 m=1000 w=500 | elapsed=24839s eta=24477s
  [826/1638] t=16 m=2000 w=500 | elapsed=24869s eta=24447s
  [827/1638] t=16 m=3000 w=500 | elapsed=24899s eta=24417s
  [828/1638] t=16 m=5000 w=500 | elapsed=24929s eta=24387s
  [829/1638] t=16 m=7000 w=500 | elapsed=24959s eta=24356s
  [830/1638] t=16 m=10000 w=500 | elapsed=24990s eta=24327s
  [831/1638] t=16 m=20000 w=500 | elapsed=25020s eta=24297s
  [832/1638] t=16 m=50000 w=500 | elapsed=25050s eta=24267s
  [833/1638] t=32 m=0 w=500 | elapsed=25080s eta=24236s
  [834/1638] t=32 m=10 w=500 | elapsed=25110s eta=24206s
  [835/1638] t=32 m=20 w=500 | elapsed=25140s eta=24176s
  [836/1638] t=32 m=30 w=500 | elapsed=25170s eta=24146s
  [837/1638] t=32 m=40 w=500 | elapsed=25200s eta=24116s
  [838/1638] t=32 m=50 w=500 | elapsed=25230s eta=24085s
  [839/1638] t=32 m=60 w=500 | elapsed=25260s eta=24055s
  [840/1638] t=32 m=70 w=500 | elapsed=25291s eta=24026s
  [841/1638] t=32 m=80 w=500 | elapsed=25321s eta=23996s
  [842/1638] t=32 m=90 w=500 | elapsed=25351s eta=23966s
  [843/1638] t=32 m=100 w=500 | elapsed=25381s eta=23935s
  [844/1638] t=32 m=150 w=500 | elapsed=25411s eta=23905s
  [845/1638] t=32 m=200 w=500 | elapsed=25441s eta=23875s
  [846/1638] t=32 m=250 w=500 | elapsed=25471s eta=23845s
  [847/1638] t=32 m=300 w=500 | elapsed=25501s eta=23814s
  [848/1638] t=32 m=400 w=500 | elapsed=25531s eta=23784s
  [849/1638] t=32 m=500 w=500 | elapsed=25562s eta=23755s
  [850/1638] t=32 m=700 w=500 | elapsed=25592s eta=23725s
  [851/1638] t=32 m=1000 w=500 | elapsed=25622s eta=23695s
  [852/1638] t=32 m=2000 w=500 | elapsed=25652s eta=23664s
  [853/1638] t=32 m=3000 w=500 | elapsed=25682s eta=23634s
  [854/1638] t=32 m=5000 w=500 | elapsed=25712s eta=23604s
  [855/1638] t=32 m=7000 w=500 | elapsed=25742s eta=23574s
  [856/1638] t=32 m=10000 w=500 | elapsed=25772s eta=23544s
  [857/1638] t=32 m=20000 w=500 | elapsed=25802s eta=23513s
  [858/1638] t=32 m=50000 w=500 | elapsed=25833s eta=23484s
--- w=500ns, rep=3/3 ---
  [859/1638] t=8 m=0 w=500 | elapsed=25863s eta=23454s
  [860/1638] t=8 m=10 w=500 | elapsed=25893s eta=23424s
  [861/1638] t=8 m=20 w=500 | elapsed=25923s eta=23393s
  [862/1638] t=8 m=30 w=500 | elapsed=25953s eta=23363s
  [863/1638] t=8 m=40 w=500 | elapsed=25983s eta=23333s
  [864/1638] t=8 m=50 w=500 | elapsed=26013s eta=23303s
  [865/1638] t=8 m=60 w=500 | elapsed=26043s eta=23273s
  [866/1638] t=8 m=70 w=500 | elapsed=26073s eta=23242s
  [867/1638] t=8 m=80 w=500 | elapsed=26104s eta=23213s
  [868/1638] t=8 m=90 w=500 | elapsed=26134s eta=23183s
  [869/1638] t=8 m=100 w=500 | elapsed=26164s eta=23153s
  [870/1638] t=8 m=150 w=500 | elapsed=26194s eta=23122s
  [871/1638] t=8 m=200 w=500 | elapsed=26224s eta=23092s
  [872/1638] t=8 m=250 w=500 | elapsed=26254s eta=23062s
  [873/1638] t=8 m=300 w=500 | elapsed=26284s eta=23032s
  [874/1638] t=8 m=400 w=500 | elapsed=26314s eta=23002s
  [875/1638] t=8 m=500 w=500 | elapsed=26344s eta=22971s
  [876/1638] t=8 m=700 w=500 | elapsed=26375s eta=22942s
  [877/1638] t=8 m=1000 w=500 | elapsed=26405s eta=22912s
  [878/1638] t=8 m=2000 w=500 | elapsed=26435s eta=22882s
  [879/1638] t=8 m=3000 w=500 | elapsed=26465s eta=22852s
  [880/1638] t=8 m=5000 w=500 | elapsed=26495s eta=22821s
  [881/1638] t=8 m=7000 w=500 | elapsed=26525s eta=22791s
  [882/1638] t=8 m=10000 w=500 | elapsed=26555s eta=22761s
  [883/1638] t=8 m=20000 w=500 | elapsed=26585s eta=22731s
  [884/1638] t=8 m=50000 w=500 | elapsed=26615s eta=22701s
  [885/1638] t=16 m=0 w=500 | elapsed=26645s eta=22670s
  [886/1638] t=16 m=10 w=500 | elapsed=26676s eta=22641s
  [887/1638] t=16 m=20 w=500 | elapsed=26706s eta=22611s
  [888/1638] t=16 m=30 w=500 | elapsed=26736s eta=22581s
  [889/1638] t=16 m=40 w=500 | elapsed=26766s eta=22550s
  [890/1638] t=16 m=50 w=500 | elapsed=26796s eta=22520s
  [891/1638] t=16 m=60 w=500 | elapsed=26826s eta=22490s
  [892/1638] t=16 m=70 w=500 | elapsed=26856s eta=22460s
  [893/1638] t=16 m=80 w=500 | elapsed=26886s eta=22430s
  [894/1638] t=16 m=90 w=500 | elapsed=26916s eta=22399s
  [895/1638] t=16 m=100 w=500 | elapsed=26947s eta=22370s
  [896/1638] t=16 m=150 w=500 | elapsed=26977s eta=22340s
  [897/1638] t=16 m=200 w=500 | elapsed=27007s eta=22310s
  [898/1638] t=16 m=250 w=500 | elapsed=27037s eta=22279s
  [899/1638] t=16 m=300 w=500 | elapsed=27067s eta=22249s
  [900/1638] t=16 m=400 w=500 | elapsed=27097s eta=22219s
  [901/1638] t=16 m=500 w=500 | elapsed=27127s eta=22189s
  [902/1638] t=16 m=700 w=500 | elapsed=27157s eta=22159s
  [903/1638] t=16 m=1000 w=500 | elapsed=27187s eta=22128s
  [904/1638] t=16 m=2000 w=500 | elapsed=27217s eta=22098s
  [905/1638] t=16 m=3000 w=500 | elapsed=27248s eta=22069s
  [906/1638] t=16 m=5000 w=500 | elapsed=27278s eta=22039s
  [907/1638] t=16 m=7000 w=500 | elapsed=27308s eta=22008s
  [908/1638] t=16 m=10000 w=500 | elapsed=27338s eta=21978s
  [909/1638] t=16 m=20000 w=500 | elapsed=27368s eta=21948s
  [910/1638] t=16 m=50000 w=500 | elapsed=27398s eta=21918s
  [911/1638] t=32 m=0 w=500 | elapsed=27428s eta=21888s
  [912/1638] t=32 m=10 w=500 | elapsed=27458s eta=21858s
  [913/1638] t=32 m=20 w=500 | elapsed=27488s eta=21827s
  [914/1638] t=32 m=30 w=500 | elapsed=27519s eta=21798s
  [915/1638] t=32 m=40 w=500 | elapsed=27549s eta=21768s
  [916/1638] t=32 m=50 w=500 | elapsed=27579s eta=21738s
  [917/1638] t=32 m=60 w=500 | elapsed=27609s eta=21707s
  [918/1638] t=32 m=70 w=500 | elapsed=27639s eta=21677s
  [919/1638] t=32 m=80 w=500 | elapsed=27669s eta=21647s
  [920/1638] t=32 m=90 w=500 | elapsed=27699s eta=21617s
  [921/1638] t=32 m=100 w=500 | elapsed=27729s eta=21587s
  [922/1638] t=32 m=150 w=500 | elapsed=27759s eta=21556s
  [923/1638] t=32 m=200 w=500 | elapsed=27790s eta=21527s
  [924/1638] t=32 m=250 w=500 | elapsed=27820s eta=21497s
  [925/1638] t=32 m=300 w=500 | elapsed=27850s eta=21467s
  [926/1638] t=32 m=400 w=500 | elapsed=27880s eta=21436s
  [927/1638] t=32 m=500 w=500 | elapsed=27910s eta=21406s
  [928/1638] t=32 m=700 w=500 | elapsed=27940s eta=21376s
  [929/1638] t=32 m=1000 w=500 | elapsed=27970s eta=21346s
  [930/1638] t=32 m=2000 w=500 | elapsed=28000s eta=21316s
  [931/1638] t=32 m=3000 w=500 | elapsed=28030s eta=21285s
  [932/1638] t=32 m=5000 w=500 | elapsed=28061s eta=21256s
  [933/1638] t=32 m=7000 w=500 | elapsed=28091s eta=21226s
  [934/1638] t=32 m=10000 w=500 | elapsed=28121s eta=21196s
  [935/1638] t=32 m=20000 w=500 | elapsed=28151s eta=21165s
  [936/1638] t=32 m=50000 w=500 | elapsed=28181s eta=21135s
--- w=1000ns, rep=1/3 ---
  [937/1638] t=8 m=0 w=1000 | elapsed=28211s eta=21105s
  [938/1638] t=8 m=10 w=1000 | elapsed=28241s eta=21075s
  [939/1638] t=8 m=20 w=1000 | elapsed=28271s eta=21045s
  [940/1638] t=8 m=30 w=1000 | elapsed=28301s eta=21014s
  [941/1638] t=8 m=40 w=1000 | elapsed=28332s eta=20985s
  [942/1638] t=8 m=50 w=1000 | elapsed=28362s eta=20955s
  [943/1638] t=8 m=60 w=1000 | elapsed=28392s eta=20925s
  [944/1638] t=8 m=70 w=1000 | elapsed=28422s eta=20894s
  [945/1638] t=8 m=80 w=1000 | elapsed=28452s eta=20864s
  [946/1638] t=8 m=90 w=1000 | elapsed=28482s eta=20834s
  [947/1638] t=8 m=100 w=1000 | elapsed=28512s eta=20804s
  [948/1638] t=8 m=150 w=1000 | elapsed=28542s eta=20774s
  [949/1638] t=8 m=200 w=1000 | elapsed=28572s eta=20744s
  [950/1638] t=8 m=250 w=1000 | elapsed=28602s eta=20713s
  [951/1638] t=8 m=300 w=1000 | elapsed=28633s eta=20684s
  [952/1638] t=8 m=400 w=1000 | elapsed=28663s eta=20654s
  [953/1638] t=8 m=500 w=1000 | elapsed=28693s eta=20624s
  [954/1638] t=8 m=700 w=1000 | elapsed=28723s eta=20593s
  [955/1638] t=8 m=1000 w=1000 | elapsed=28753s eta=20563s
  [956/1638] t=8 m=2000 w=1000 | elapsed=28783s eta=20533s
  [957/1638] t=8 m=3000 w=1000 | elapsed=28813s eta=20503s
  [958/1638] t=8 m=5000 w=1000 | elapsed=28843s eta=20473s
  [959/1638] t=8 m=7000 w=1000 | elapsed=28873s eta=20442s
  [960/1638] t=8 m=10000 w=1000 | elapsed=28904s eta=20413s
  [961/1638] t=8 m=20000 w=1000 | elapsed=28934s eta=20383s
  [962/1638] t=8 m=50000 w=1000 | elapsed=28964s eta=20353s
  [963/1638] t=16 m=0 w=1000 | elapsed=28994s eta=20322s
  [964/1638] t=16 m=10 w=1000 | elapsed=29024s eta=20292s
  [965/1638] t=16 m=20 w=1000 | elapsed=29054s eta=20262s
  [966/1638] t=16 m=30 w=1000 | elapsed=29084s eta=20232s
  [967/1638] t=16 m=40 w=1000 | elapsed=29114s eta=20202s
  [968/1638] t=16 m=50 w=1000 | elapsed=29144s eta=20171s
  [969/1638] t=16 m=60 w=1000 | elapsed=29174s eta=20141s
  [970/1638] t=16 m=70 w=1000 | elapsed=29205s eta=20112s
  [971/1638] t=16 m=80 w=1000 | elapsed=29235s eta=20082s
  [972/1638] t=16 m=90 w=1000 | elapsed=29265s eta=20051s
  [973/1638] t=16 m=100 w=1000 | elapsed=29295s eta=20021s
  [974/1638] t=16 m=150 w=1000 | elapsed=29325s eta=19991s
  [975/1638] t=16 m=200 w=1000 | elapsed=29355s eta=19961s
  [976/1638] t=16 m=250 w=1000 | elapsed=29385s eta=19931s
  [977/1638] t=16 m=300 w=1000 | elapsed=29415s eta=19901s
  [978/1638] t=16 m=400 w=1000 | elapsed=29445s eta=19870s
  [979/1638] t=16 m=500 w=1000 | elapsed=29476s eta=19841s
  [980/1638] t=16 m=700 w=1000 | elapsed=29506s eta=19811s
  [981/1638] t=16 m=1000 w=1000 | elapsed=29536s eta=19780s
  [982/1638] t=16 m=2000 w=1000 | elapsed=29566s eta=19750s
  [983/1638] t=16 m=3000 w=1000 | elapsed=29596s eta=19720s
  [984/1638] t=16 m=5000 w=1000 | elapsed=29626s eta=19690s
  [985/1638] t=16 m=7000 w=1000 | elapsed=29656s eta=19660s
  [986/1638] t=16 m=10000 w=1000 | elapsed=29686s eta=19630s
  [987/1638] t=16 m=20000 w=1000 | elapsed=29716s eta=19599s
  [988/1638] t=16 m=50000 w=1000 | elapsed=29747s eta=19570s
  [989/1638] t=32 m=0 w=1000 | elapsed=29777s eta=19540s
  [990/1638] t=32 m=10 w=1000 | elapsed=29807s eta=19510s
  [991/1638] t=32 m=20 w=1000 | elapsed=29837s eta=19479s
  [992/1638] t=32 m=30 w=1000 | elapsed=29867s eta=19449s
  [993/1638] t=32 m=40 w=1000 | elapsed=29897s eta=19419s
  [994/1638] t=32 m=50 w=1000 | elapsed=29927s eta=19389s
  [995/1638] t=32 m=60 w=1000 | elapsed=29957s eta=19359s
  [996/1638] t=32 m=70 w=1000 | elapsed=29987s eta=19328s
  [997/1638] t=32 m=80 w=1000 | elapsed=30017s eta=19298s
  [998/1638] t=32 m=90 w=1000 | elapsed=30048s eta=19269s
  [999/1638] t=32 m=100 w=1000 | elapsed=30078s eta=19239s
  [1000/1638] t=32 m=150 w=1000 | elapsed=30108s eta=19208s
  [1001/1638] t=32 m=200 w=1000 | elapsed=30138s eta=19178s
  [1002/1638] t=32 m=250 w=1000 | elapsed=30168s eta=19148s
  [1003/1638] t=32 m=300 w=1000 | elapsed=30198s eta=19118s
  [1004/1638] t=32 m=400 w=1000 | elapsed=30228s eta=19088s
  [1005/1638] t=32 m=500 w=1000 | elapsed=30258s eta=19058s
  [1006/1638] t=32 m=700 w=1000 | elapsed=30288s eta=19027s
  [1007/1638] t=32 m=1000 w=1000 | elapsed=30319s eta=18998s
  [1008/1638] t=32 m=2000 w=1000 | elapsed=30349s eta=18968s
  [1009/1638] t=32 m=3000 w=1000 | elapsed=30379s eta=18937s
  [1010/1638] t=32 m=5000 w=1000 | elapsed=30409s eta=18907s
  [1011/1638] t=32 m=7000 w=1000 | elapsed=30439s eta=18877s
  [1012/1638] t=32 m=10000 w=1000 | elapsed=30469s eta=18847s
  [1013/1638] t=32 m=20000 w=1000 | elapsed=30499s eta=18817s
  [1014/1638] t=32 m=50000 w=1000 | elapsed=30529s eta=18787s
--- w=1000ns, rep=2/3 ---
  [1015/1638] t=8 m=0 w=1000 | elapsed=30559s eta=18756s
  [1016/1638] t=8 m=10 w=1000 | elapsed=30590s eta=18727s
  [1017/1638] t=8 m=20 w=1000 | elapsed=30620s eta=18697s
  [1018/1638] t=8 m=30 w=1000 | elapsed=30650s eta=18666s
  [1019/1638] t=8 m=40 w=1000 | elapsed=30680s eta=18636s
  [1020/1638] t=8 m=50 w=1000 | elapsed=30710s eta=18606s
  [1021/1638] t=8 m=60 w=1000 | elapsed=30740s eta=18576s
  [1022/1638] t=8 m=70 w=1000 | elapsed=30770s eta=18546s
  [1023/1638] t=8 m=80 w=1000 | elapsed=30800s eta=18516s
  [1024/1638] t=8 m=90 w=1000 | elapsed=30830s eta=18485s
  [1025/1638] t=8 m=100 w=1000 | elapsed=30860s eta=18455s
  [1026/1638] t=8 m=150 w=1000 | elapsed=30891s eta=18426s
  [1027/1638] t=8 m=200 w=1000 | elapsed=30921s eta=18396s
  [1028/1638] t=8 m=250 w=1000 | elapsed=30951s eta=18365s
  [1029/1638] t=8 m=300 w=1000 | elapsed=30981s eta=18335s
  [1030/1638] t=8 m=400 w=1000 | elapsed=31011s eta=18305s
  [1031/1638] t=8 m=500 w=1000 | elapsed=31041s eta=18275s
  [1032/1638] t=8 m=700 w=1000 | elapsed=31071s eta=18245s
  [1033/1638] t=8 m=1000 w=1000 | elapsed=31101s eta=18215s
  [1034/1638] t=8 m=2000 w=1000 | elapsed=31131s eta=18184s
  [1035/1638] t=8 m=3000 w=1000 | elapsed=31162s eta=18155s
  [1036/1638] t=8 m=5000 w=1000 | elapsed=31192s eta=18125s
  [1037/1638] t=8 m=7000 w=1000 | elapsed=31222s eta=18094s
  [1038/1638] t=8 m=10000 w=1000 | elapsed=31252s eta=18064s
  [1039/1638] t=8 m=20000 w=1000 | elapsed=31282s eta=18034s
  [1040/1638] t=8 m=50000 w=1000 | elapsed=31312s eta=18004s
  [1041/1638] t=16 m=0 w=1000 | elapsed=31342s eta=17974s
  [1042/1638] t=16 m=10 w=1000 | elapsed=31372s eta=17944s
  [1043/1638] t=16 m=20 w=1000 | elapsed=31402s eta=17913s
  [1044/1638] t=16 m=30 w=1000 | elapsed=31433s eta=17884s
  [1045/1638] t=16 m=40 w=1000 | elapsed=31463s eta=17854s
  [1046/1638] t=16 m=50 w=1000 | elapsed=31493s eta=17823s
  [1047/1638] t=16 m=60 w=1000 | elapsed=31523s eta=17793s
  [1048/1638] t=16 m=70 w=1000 | elapsed=31553s eta=17763s
  [1049/1638] t=16 m=80 w=1000 | elapsed=31583s eta=17733s
  [1050/1638] t=16 m=90 w=1000 | elapsed=31613s eta=17703s
  [1051/1638] t=16 m=100 w=1000 | elapsed=31643s eta=17673s
  [1052/1638] t=16 m=150 w=1000 | elapsed=31673s eta=17642s
  [1053/1638] t=16 m=200 w=1000 | elapsed=31703s eta=17612s
  [1054/1638] t=16 m=250 w=1000 | elapsed=31734s eta=17583s
  [1055/1638] t=16 m=300 w=1000 | elapsed=31764s eta=17552s
  [1056/1638] t=16 m=400 w=1000 | elapsed=31794s eta=17522s
  [1057/1638] t=16 m=500 w=1000 | elapsed=31824s eta=17492s
  [1058/1638] t=16 m=700 w=1000 | elapsed=31854s eta=17462s
  [1059/1638] t=16 m=1000 w=1000 | elapsed=31884s eta=17432s
  [1060/1638] t=16 m=2000 w=1000 | elapsed=31914s eta=17402s
  [1061/1638] t=16 m=3000 w=1000 | elapsed=31944s eta=17371s
  [1062/1638] t=16 m=5000 w=1000 | elapsed=31974s eta=17341s
  [1063/1638] t=16 m=7000 w=1000 | elapsed=32005s eta=17312s
  [1064/1638] t=16 m=10000 w=1000 | elapsed=32035s eta=17282s
  [1065/1638] t=16 m=20000 w=1000 | elapsed=32065s eta=17251s
  [1066/1638] t=16 m=50000 w=1000 | elapsed=32095s eta=17221s
  [1067/1638] t=32 m=0 w=1000 | elapsed=32125s eta=17191s
  [1068/1638] t=32 m=10 w=1000 | elapsed=32155s eta=17161s
  [1069/1638] t=32 m=20 w=1000 | elapsed=32185s eta=17131s
  [1070/1638] t=32 m=30 w=1000 | elapsed=32215s eta=17101s
  [1071/1638] t=32 m=40 w=1000 | elapsed=32245s eta=17070s
  [1072/1638] t=32 m=50 w=1000 | elapsed=32275s eta=17040s
  [1073/1638] t=32 m=60 w=1000 | elapsed=32306s eta=17011s
  [1074/1638] t=32 m=70 w=1000 | elapsed=32336s eta=16980s
  [1075/1638] t=32 m=80 w=1000 | elapsed=32366s eta=16950s
  [1076/1638] t=32 m=90 w=1000 | elapsed=32396s eta=16920s
  [1077/1638] t=32 m=100 w=1000 | elapsed=32426s eta=16890s
  [1078/1638] t=32 m=150 w=1000 | elapsed=32456s eta=16860s
  [1079/1638] t=32 m=200 w=1000 | elapsed=32486s eta=16830s
  [1080/1638] t=32 m=250 w=1000 | elapsed=32516s eta=16799s
  [1081/1638] t=32 m=300 w=1000 | elapsed=32546s eta=16769s
  [1082/1638] t=32 m=400 w=1000 | elapsed=32577s eta=16740s
  [1083/1638] t=32 m=500 w=1000 | elapsed=32607s eta=16709s
  [1084/1638] t=32 m=700 w=1000 | elapsed=32637s eta=16679s
  [1085/1638] t=32 m=1000 w=1000 | elapsed=32667s eta=16649s
  [1086/1638] t=32 m=2000 w=1000 | elapsed=32697s eta=16619s
  [1087/1638] t=32 m=3000 w=1000 | elapsed=32727s eta=16589s
  [1088/1638] t=32 m=5000 w=1000 | elapsed=32757s eta=16559s
  [1089/1638] t=32 m=7000 w=1000 | elapsed=32787s eta=16528s
  [1090/1638] t=32 m=10000 w=1000 | elapsed=32817s eta=16498s
  [1091/1638] t=32 m=20000 w=1000 | elapsed=32848s eta=16469s
  [1092/1638] t=32 m=50000 w=1000 | elapsed=32878s eta=16439s
--- w=1000ns, rep=3/3 ---
  [1093/1638] t=8 m=0 w=1000 | elapsed=32908s eta=16408s
  [1094/1638] t=8 m=10 w=1000 | elapsed=32938s eta=16378s
  [1095/1638] t=8 m=20 w=1000 | elapsed=32968s eta=16348s
  [1096/1638] t=8 m=30 w=1000 | elapsed=32998s eta=16318s
  [1097/1638] t=8 m=40 w=1000 | elapsed=33028s eta=16288s
  [1098/1638] t=8 m=50 w=1000 | elapsed=33058s eta=16258s
  [1099/1638] t=8 m=60 w=1000 | elapsed=33088s eta=16227s
  [1100/1638] t=8 m=70 w=1000 | elapsed=33119s eta=16198s
  [1101/1638] t=8 m=80 w=1000 | elapsed=33149s eta=16168s
  [1102/1638] t=8 m=90 w=1000 | elapsed=33179s eta=16137s
  [1103/1638] t=8 m=100 w=1000 | elapsed=33209s eta=16107s
  [1104/1638] t=8 m=150 w=1000 | elapsed=33239s eta=16077s
  [1105/1638] t=8 m=200 w=1000 | elapsed=33269s eta=16047s
  [1106/1638] t=8 m=250 w=1000 | elapsed=33299s eta=16017s
  [1107/1638] t=8 m=300 w=1000 | elapsed=33329s eta=15987s
  [1108/1638] t=8 m=400 w=1000 | elapsed=33359s eta=15956s
  [1109/1638] t=8 m=500 w=1000 | elapsed=33389s eta=15926s
  [1110/1638] t=8 m=700 w=1000 | elapsed=33420s eta=15897s
  [1111/1638] t=8 m=1000 w=1000 | elapsed=33450s eta=15866s
  [1112/1638] t=8 m=2000 w=1000 | elapsed=33480s eta=15836s
  [1113/1638] t=8 m=3000 w=1000 | elapsed=33510s eta=15806s
  [1114/1638] t=8 m=5000 w=1000 | elapsed=33540s eta=15776s
  [1115/1638] t=8 m=7000 w=1000 | elapsed=33570s eta=15746s
  [1116/1638] t=8 m=10000 w=1000 | elapsed=33600s eta=15716s
  [1117/1638] t=8 m=20000 w=1000 | elapsed=33630s eta=15685s
  [1118/1638] t=8 m=50000 w=1000 | elapsed=33660s eta=15655s
  [1119/1638] t=16 m=0 w=1000 | elapsed=33691s eta=15626s
  [1120/1638] t=16 m=10 w=1000 | elapsed=33721s eta=15595s
  [1121/1638] t=16 m=20 w=1000 | elapsed=33751s eta=15565s
  [1122/1638] t=16 m=30 w=1000 | elapsed=33781s eta=15535s
  [1123/1638] t=16 m=40 w=1000 | elapsed=33811s eta=15505s
  [1124/1638] t=16 m=50 w=1000 | elapsed=33841s eta=15475s
  [1125/1638] t=16 m=60 w=1000 | elapsed=33871s eta=15445s
  [1126/1638] t=16 m=70 w=1000 | elapsed=33901s eta=15415s
  [1127/1638] t=16 m=80 w=1000 | elapsed=33931s eta=15384s
  [1128/1638] t=16 m=90 w=1000 | elapsed=33962s eta=15355s
  [1129/1638] t=16 m=100 w=1000 | elapsed=33992s eta=15325s
  [1130/1638] t=16 m=150 w=1000 | elapsed=34022s eta=15294s
  [1131/1638] t=16 m=200 w=1000 | elapsed=34052s eta=15264s
  [1132/1638] t=16 m=250 w=1000 | elapsed=34082s eta=15234s
  [1133/1638] t=16 m=300 w=1000 | elapsed=34112s eta=15204s
  [1134/1638] t=16 m=400 w=1000 | elapsed=34142s eta=15174s
  [1135/1638] t=16 m=500 w=1000 | elapsed=34172s eta=15144s
  [1136/1638] t=16 m=700 w=1000 | elapsed=34202s eta=15113s
  [1137/1638] t=16 m=1000 w=1000 | elapsed=34232s eta=15083s
  [1138/1638] t=16 m=2000 w=1000 | elapsed=34263s eta=15054s
  [1139/1638] t=16 m=3000 w=1000 | elapsed=34293s eta=15023s
  [1140/1638] t=16 m=5000 w=1000 | elapsed=34323s eta=14993s
  [1141/1638] t=16 m=7000 w=1000 | elapsed=34353s eta=14963s
  [1142/1638] t=16 m=10000 w=1000 | elapsed=34383s eta=14933s
  [1143/1638] t=16 m=20000 w=1000 | elapsed=34413s eta=14903s
  [1144/1638] t=16 m=50000 w=1000 | elapsed=34443s eta=14873s
  [1145/1638] t=32 m=0 w=1000 | elapsed=34473s eta=14842s
  [1146/1638] t=32 m=10 w=1000 | elapsed=34503s eta=14812s
  [1147/1638] t=32 m=20 w=1000 | elapsed=34534s eta=14783s
  [1148/1638] t=32 m=30 w=1000 | elapsed=34564s eta=14752s
  [1149/1638] t=32 m=40 w=1000 | elapsed=34594s eta=14722s
  [1150/1638] t=32 m=50 w=1000 | elapsed=34624s eta=14692s
  [1151/1638] t=32 m=60 w=1000 | elapsed=34654s eta=14662s
  [1152/1638] t=32 m=70 w=1000 | elapsed=34684s eta=14632s
  [1153/1638] t=32 m=80 w=1000 | elapsed=34714s eta=14602s
  [1154/1638] t=32 m=90 w=1000 | elapsed=34744s eta=14572s
  [1155/1638] t=32 m=100 w=1000 | elapsed=34774s eta=14541s
  [1156/1638] t=32 m=150 w=1000 | elapsed=34805s eta=14512s
  [1157/1638] t=32 m=200 w=1000 | elapsed=34835s eta=14481s
  [1158/1638] t=32 m=250 w=1000 | elapsed=34865s eta=14451s
  [1159/1638] t=32 m=300 w=1000 | elapsed=34895s eta=14421s
  [1160/1638] t=32 m=400 w=1000 | elapsed=34925s eta=14391s
  [1161/1638] t=32 m=500 w=1000 | elapsed=34955s eta=14361s
  [1162/1638] t=32 m=700 w=1000 | elapsed=34985s eta=14331s
  [1163/1638] t=32 m=1000 w=1000 | elapsed=35015s eta=14301s
  [1164/1638] t=32 m=2000 w=1000 | elapsed=35045s eta=14270s
  [1165/1638] t=32 m=3000 w=1000 | elapsed=35075s eta=14240s
  [1166/1638] t=32 m=5000 w=1000 | elapsed=35106s eta=14211s
  [1167/1638] t=32 m=7000 w=1000 | elapsed=35136s eta=14180s
  [1168/1638] t=32 m=10000 w=1000 | elapsed=35166s eta=14150s
  [1169/1638] t=32 m=20000 w=1000 | elapsed=35196s eta=14120s
  [1170/1638] t=32 m=50000 w=1000 | elapsed=35226s eta=14090s
--- w=2000ns, rep=1/3 ---
  [1171/1638] t=8 m=0 w=2000 | elapsed=35256s eta=14060s
  [1172/1638] t=8 m=10 w=2000 | elapsed=35286s eta=14030s
  [1173/1638] t=8 m=20 w=2000 | elapsed=35316s eta=13999s
  [1174/1638] t=8 m=30 w=2000 | elapsed=35346s eta=13969s
  [1175/1638] t=8 m=40 w=2000 | elapsed=35377s eta=13940s
  [1176/1638] t=8 m=50 w=2000 | elapsed=35407s eta=13909s
  [1177/1638] t=8 m=60 w=2000 | elapsed=35437s eta=13879s
  [1178/1638] t=8 m=70 w=2000 | elapsed=35467s eta=13849s
  [1179/1638] t=8 m=80 w=2000 | elapsed=35497s eta=13819s
  [1180/1638] t=8 m=90 w=2000 | elapsed=35527s eta=13789s
  [1181/1638] t=8 m=100 w=2000 | elapsed=35557s eta=13759s
  [1182/1638] t=8 m=150 w=2000 | elapsed=35587s eta=13728s
  [1183/1638] t=8 m=200 w=2000 | elapsed=35617s eta=13698s
  [1184/1638] t=8 m=250 w=2000 | elapsed=35648s eta=13669s
  [1185/1638] t=8 m=300 w=2000 | elapsed=35678s eta=13638s
  [1186/1638] t=8 m=400 w=2000 | elapsed=35708s eta=13608s
  [1187/1638] t=8 m=500 w=2000 | elapsed=35738s eta=13578s
  [1188/1638] t=8 m=700 w=2000 | elapsed=35768s eta=13548s
  [1189/1638] t=8 m=1000 w=2000 | elapsed=35798s eta=13518s
  [1190/1638] t=8 m=2000 w=2000 | elapsed=35828s eta=13488s
  [1191/1638] t=8 m=3000 w=2000 | elapsed=35858s eta=13458s
  [1192/1638] t=8 m=5000 w=2000 | elapsed=35888s eta=13427s
  [1193/1638] t=8 m=7000 w=2000 | elapsed=35918s eta=13397s
  [1194/1638] t=8 m=10000 w=2000 | elapsed=35949s eta=13367s
  [1195/1638] t=8 m=20000 w=2000 | elapsed=35979s eta=13337s
  [1196/1638] t=8 m=50000 w=2000 | elapsed=36009s eta=13307s
  [1197/1638] t=16 m=0 w=2000 | elapsed=36039s eta=13277s
  [1198/1638] t=16 m=10 w=2000 | elapsed=36069s eta=13247s
  [1199/1638] t=16 m=20 w=2000 | elapsed=36099s eta=13217s
  [1200/1638] t=16 m=30 w=2000 | elapsed=36129s eta=13187s
  [1201/1638] t=16 m=40 w=2000 | elapsed=36159s eta=13156s
  [1202/1638] t=16 m=50 w=2000 | elapsed=36189s eta=13126s
  [1203/1638] t=16 m=60 w=2000 | elapsed=36220s eta=13097s
  [1204/1638] t=16 m=70 w=2000 | elapsed=36250s eta=13066s
  [1205/1638] t=16 m=80 w=2000 | elapsed=36280s eta=13036s
  [1206/1638] t=16 m=90 w=2000 | elapsed=36310s eta=13006s
  [1207/1638] t=16 m=100 w=2000 | elapsed=36340s eta=12976s
  [1208/1638] t=16 m=150 w=2000 | elapsed=36370s eta=12946s
  [1209/1638] t=16 m=200 w=2000 | elapsed=36400s eta=12916s
  [1210/1638] t=16 m=250 w=2000 | elapsed=36430s eta=12885s
  [1211/1638] t=16 m=300 w=2000 | elapsed=36460s eta=12855s
  [1212/1638] t=16 m=400 w=2000 | elapsed=36490s eta=12825s
  [1213/1638] t=16 m=500 w=2000 | elapsed=36521s eta=12795s
  [1214/1638] t=16 m=700 w=2000 | elapsed=36551s eta=12765s
  [1215/1638] t=16 m=1000 w=2000 | elapsed=36581s eta=12735s
  [1216/1638] t=16 m=2000 w=2000 | elapsed=36611s eta=12705s
  [1217/1638] t=16 m=3000 w=2000 | elapsed=36641s eta=12675s
  [1218/1638] t=16 m=5000 w=2000 | elapsed=36671s eta=12645s
  [1219/1638] t=16 m=7000 w=2000 | elapsed=36701s eta=12615s
  [1220/1638] t=16 m=10000 w=2000 | elapsed=36731s eta=12584s
  [1221/1638] t=16 m=20000 w=2000 | elapsed=36761s eta=12554s
  [1222/1638] t=16 m=50000 w=2000 | elapsed=36792s eta=12524s
  [1223/1638] t=32 m=0 w=2000 | elapsed=36822s eta=12494s
  [1224/1638] t=32 m=10 w=2000 | elapsed=36852s eta=12464s
  [1225/1638] t=32 m=20 w=2000 | elapsed=36882s eta=12434s
  [1226/1638] t=32 m=30 w=2000 | elapsed=36912s eta=12404s
  [1227/1638] t=32 m=40 w=2000 | elapsed=36942s eta=12374s
  [1228/1638] t=32 m=50 w=2000 | elapsed=36972s eta=12344s
  [1229/1638] t=32 m=60 w=2000 | elapsed=37002s eta=12313s
  [1230/1638] t=32 m=70 w=2000 | elapsed=37032s eta=12283s
  [1231/1638] t=32 m=80 w=2000 | elapsed=37063s eta=12253s
  [1232/1638] t=32 m=90 w=2000 | elapsed=37093s eta=12223s
  [1233/1638] t=32 m=100 w=2000 | elapsed=37123s eta=12193s
  [1234/1638] t=32 m=150 w=2000 | elapsed=37153s eta=12163s
  [1235/1638] t=32 m=200 w=2000 | elapsed=37183s eta=12133s
  [1236/1638] t=32 m=250 w=2000 | elapsed=37213s eta=12103s
  [1237/1638] t=32 m=300 w=2000 | elapsed=37243s eta=12073s
  [1238/1638] t=32 m=400 w=2000 | elapsed=37273s eta=12042s
  [1239/1638] t=32 m=500 w=2000 | elapsed=37303s eta=12012s
  [1240/1638] t=32 m=700 w=2000 | elapsed=37333s eta=11982s
  [1241/1638] t=32 m=1000 w=2000 | elapsed=37364s eta=11952s
  [1242/1638] t=32 m=2000 w=2000 | elapsed=37394s eta=11922s
  [1243/1638] t=32 m=3000 w=2000 | elapsed=37424s eta=11892s
  [1244/1638] t=32 m=5000 w=2000 | elapsed=37454s eta=11862s
  [1245/1638] t=32 m=7000 w=2000 | elapsed=37484s eta=11832s
  [1246/1638] t=32 m=10000 w=2000 | elapsed=37514s eta=11802s
  [1247/1638] t=32 m=20000 w=2000 | elapsed=37544s eta=11772s
  [1248/1638] t=32 m=50000 w=2000 | elapsed=37574s eta=11741s
--- w=2000ns, rep=2/3 ---
  [1249/1638] t=8 m=0 w=2000 | elapsed=37605s eta=11712s
  [1250/1638] t=8 m=10 w=2000 | elapsed=37635s eta=11681s
  [1251/1638] t=8 m=20 w=2000 | elapsed=37665s eta=11651s
  [1252/1638] t=8 m=30 w=2000 | elapsed=37695s eta=11621s
  [1253/1638] t=8 m=40 w=2000 | elapsed=37725s eta=11591s
  [1254/1638] t=8 m=50 w=2000 | elapsed=37755s eta=11561s
  [1255/1638] t=8 m=60 w=2000 | elapsed=37785s eta=11531s
  [1256/1638] t=8 m=70 w=2000 | elapsed=37815s eta=11501s
  [1257/1638] t=8 m=80 w=2000 | elapsed=37845s eta=11470s
  [1258/1638] t=8 m=90 w=2000 | elapsed=37875s eta=11440s
  [1259/1638] t=8 m=100 w=2000 | elapsed=37906s eta=11410s
  [1260/1638] t=8 m=150 w=2000 | elapsed=37936s eta=11380s
  [1261/1638] t=8 m=200 w=2000 | elapsed=37966s eta=11350s
  [1262/1638] t=8 m=250 w=2000 | elapsed=37996s eta=11320s
  [1263/1638] t=8 m=300 w=2000 | elapsed=38026s eta=11290s
  [1264/1638] t=8 m=400 w=2000 | elapsed=38056s eta=11260s
  [1265/1638] t=8 m=500 w=2000 | elapsed=38086s eta=11230s
  [1266/1638] t=8 m=700 w=2000 | elapsed=38116s eta=11199s
  [1267/1638] t=8 m=1000 w=2000 | elapsed=38146s eta=11169s
  [1268/1638] t=8 m=2000 w=2000 | elapsed=38177s eta=11139s
  [1269/1638] t=8 m=3000 w=2000 | elapsed=38207s eta=11109s
  [1270/1638] t=8 m=5000 w=2000 | elapsed=38237s eta=11079s
  [1271/1638] t=8 m=7000 w=2000 | elapsed=38267s eta=11049s
  [1272/1638] t=8 m=10000 w=2000 | elapsed=38297s eta=11019s
  [1273/1638] t=8 m=20000 w=2000 | elapsed=38327s eta=10989s
  [1274/1638] t=8 m=50000 w=2000 | elapsed=38357s eta=10959s
  [1275/1638] t=16 m=0 w=2000 | elapsed=38387s eta=10929s
  [1276/1638] t=16 m=10 w=2000 | elapsed=38417s eta=10898s
  [1277/1638] t=16 m=20 w=2000 | elapsed=38447s eta=10868s
  [1278/1638] t=16 m=30 w=2000 | elapsed=38478s eta=10838s
  [1279/1638] t=16 m=40 w=2000 | elapsed=38508s eta=10808s
  [1280/1638] t=16 m=50 w=2000 | elapsed=38538s eta=10778s
  [1281/1638] t=16 m=60 w=2000 | elapsed=38568s eta=10748s
  [1282/1638] t=16 m=70 w=2000 | elapsed=38598s eta=10718s
  [1283/1638] t=16 m=80 w=2000 | elapsed=38628s eta=10688s
  [1284/1638] t=16 m=90 w=2000 | elapsed=38658s eta=10658s
  [1285/1638] t=16 m=100 w=2000 | elapsed=38688s eta=10627s
  [1286/1638] t=16 m=150 w=2000 | elapsed=38718s eta=10597s
  [1287/1638] t=16 m=200 w=2000 | elapsed=38749s eta=10567s
  [1288/1638] t=16 m=250 w=2000 | elapsed=38779s eta=10537s
  [1289/1638] t=16 m=300 w=2000 | elapsed=38809s eta=10507s
  [1290/1638] t=16 m=400 w=2000 | elapsed=38839s eta=10477s
  [1291/1638] t=16 m=500 w=2000 | elapsed=38869s eta=10447s
  [1292/1638] t=16 m=700 w=2000 | elapsed=38899s eta=10417s
  [1293/1638] t=16 m=1000 w=2000 | elapsed=38929s eta=10387s
  [1294/1638] t=16 m=2000 w=2000 | elapsed=38959s eta=10356s
  [1295/1638] t=16 m=3000 w=2000 | elapsed=38989s eta=10326s
  [1296/1638] t=16 m=5000 w=2000 | elapsed=39019s eta=10296s
  [1297/1638] t=16 m=7000 w=2000 | elapsed=39050s eta=10266s
  [1298/1638] t=16 m=10000 w=2000 | elapsed=39080s eta=10236s
  [1299/1638] t=16 m=20000 w=2000 | elapsed=39110s eta=10206s
  [1300/1638] t=16 m=50000 w=2000 | elapsed=39140s eta=10176s
  [1301/1638] t=32 m=0 w=2000 | elapsed=39170s eta=10146s
